<html>
<body>
<pre>
<h1>µVision Build Log</h1>
<h2>Tool Versions:</h2>
IDE-Version: ¦ÌVision V5.18.0.0
Copyright (C) 2016 ARM Ltd and ARM Germany GmbH. All rights reserved.
License Information: cong li, nuaa, LIC=UJWBS-LEIZ8-XUE41-C1XL6-AJNC0-B26NN
 
Tool Versions:
Toolchain:       MDK-ARM Standard  Version: 5.18
Toolchain Path:  D:\Program Files (x86)\keil\ARM\ARMCC\Bin
C Compiler:      Armcc.exe V5.06 update 1 (build 61)
Assembler:       Armasm.exe V5.06 update 1 (build 61)
Linker/Locator:  ArmLink.exe V5.06 update 1 (build 61)
Library Manager: ArmAr.exe V5.06 update 1 (build 61)
Hex Converter:   FromElf.exe V5.06 update 1 (build 61)
CPU DLL:         SARMCM3.DLL V5.18
Dialog DLL:      DARMSTM.DLL V1.65.0.0
Target DLL:      Segger\JL2CM3.dll V2.99.18.0
Dialog DLL:      TARMSTM.DLL V1.64.0.0
 
<h2>Project:</h2>
D:\FPGA\M3\DynamicPerformanceTest_unionV1.01\Project\RVMDK£¨uv5£©\BH-F103.uvprojx
Project File Date:  09/20/2018

<h2>Output:</h2>
*** Using Compiler 'V5.06 update 1 (build 61)', folder: 'D:\Program Files (x86)\keil\ARM\ARMCC\Bin'
Rebuild target 'fatfs'
assembling startup_stm32f10x_hd.s...
compiling core_cm3.c...
compiling system_stm32f10x.c...
compiling misc.c...
compiling stm32f10x_adc.c...
compiling stm32f10x_bkp.c...
compiling stm32f10x_can.c...
compiling stm32f10x_cec.c...
compiling stm32f10x_crc.c...
compiling stm32f10x_dac.c...
compiling stm32f10x_dbgmcu.c...
compiling stm32f10x_dma.c...
compiling stm32f10x_exti.c...
compiling stm32f10x_flash.c...
compiling stm32f10x_fsmc.c...
compiling stm32f10x_gpio.c...
compiling stm32f10x_i2c.c...
compiling stm32f10x_iwdg.c...
compiling stm32f10x_pwr.c...
compiling stm32f10x_rcc.c...
compiling stm32f10x_rtc.c...
compiling stm32f10x_sdio.c...
compiling stm32f10x_spi.c...
compiling stm32f10x_tim.c...
compiling stm32f10x_usart.c...
compiling stm32f10x_wwdg.c...
compiling main.c...
compiling stm32f10x_it.c...
compiling bsp_led.c...
compiling bsp_usart.c...
compiling bsp_can.c...
compiling bsp_sdio_sdcard.c...
compiling bsp_adc.c...
compiling bsp_TiMbase.c...
compiling bsp_SysTick.c...
compiling HandlingData.c...
compiling bsp_key.c...
compiling bsp_485.c...
compiling cc936.c...
compiling diskio.c...
compiling ff.c...
linking...
Program Size: Code=38920 RO-data=177008 RW-data=260 ZI-data=11828  
FromELF: creating hex file...
"..\..\Output\Template.axf" - 0 Error(s), 0 Warning(s).

<h2>Collection of Component include folders:</h2>
  D:\FPGA\M3\DynamicPerformanceTest_unionV1.01\Project\RVMDK£¨uv5£©\RTE
  D:\Program Files (x86)\keil\ARM\PACK\Keil\STM32F1xx_DFP\1.1.0\Device\Include

<h2>Collection of Component Files used:</h2>
Build Time Elapsed:  00:00:13
</pre>
</body>
</html>
