Component: ARM Compiler 5.06 update 1 (build 61) Tool: armlink [4d35a8]

==============================================================================

Section Cross References

    startup_stm32f10x_hd.o(RESET) refers to startup_stm32f10x_hd.o(STACK) for __initial_sp
    startup_stm32f10x_hd.o(RESET) refers to startup_stm32f10x_hd.o(.text) for Reset_Handler
    startup_stm32f10x_hd.o(RESET) refers to stm32f10x_it.o(.text) for NMI_Handler
    startup_stm32f10x_hd.o(.text) refers to system_stm32f10x.o(.text) for SystemInit
    startup_stm32f10x_hd.o(.text) refers to entry.o(.ARM.Collect$$$$00000000) for __main
    system_stm32f10x.o(.text) refers to system_stm32f10x.o(.data) for SystemCoreClock
    stm32f10x_adc.o(.text) refers to stm32f10x_rcc.o(.text) for RCC_APB2PeriphResetCmd
    stm32f10x_bkp.o(.text) refers to stm32f10x_rcc.o(.text) for RCC_BackupResetCmd
    stm32f10x_can.o(.text) refers to stm32f10x_rcc.o(.text) for RCC_APB1PeriphResetCmd
    stm32f10x_cec.o(.text) refers to stm32f10x_rcc.o(.text) for RCC_APB1PeriphResetCmd
    stm32f10x_dac.o(.text) refers to stm32f10x_rcc.o(.text) for RCC_APB1PeriphResetCmd
    stm32f10x_gpio.o(.text) refers to stm32f10x_rcc.o(.text) for RCC_APB2PeriphResetCmd
    stm32f10x_i2c.o(.text) refers to stm32f10x_rcc.o(.text) for RCC_APB1PeriphResetCmd
    stm32f10x_pwr.o(.text) refers to stm32f10x_rcc.o(.text) for RCC_APB1PeriphResetCmd
    stm32f10x_rcc.o(.text) refers to stm32f10x_rcc.o(.data) for APBAHBPrescTable
    stm32f10x_spi.o(.text) refers to stm32f10x_rcc.o(.text) for RCC_APB2PeriphResetCmd
    stm32f10x_tim.o(.text) refers to stm32f10x_rcc.o(.text) for RCC_APB2PeriphResetCmd
    stm32f10x_usart.o(.text) refers to stm32f10x_rcc.o(.text) for RCC_APB2PeriphResetCmd
    stm32f10x_wwdg.o(.text) refers to stm32f10x_rcc.o(.text) for RCC_APB1PeriphResetCmd
    main.o(.text) refers to bsp_led.o(.text) for LED_GPIO_Config
    main.o(.text) refers to bsp_can.o(.text) for CAN_Config
    main.o(.text) refers to bsp_key.o(.text) for Key_GPIO_Config
    main.o(.text) refers to bsp_timbase.o(.text) for BASIC_TIM_Init
    main.o(.text) refers to bsp_usart.o(.text) for USART_Config
    main.o(.text) refers to printf1.o(i.__0printf$1) for __2printf
    main.o(.text) refers to bsp_adc.o(.text) for ADCx_Init
    main.o(.text) refers to bsp_485.o(.text) for RS485_Config
    main.o(.text) refers to handlingdata.o(.text) for SDCard_Init
    main.o(.text) refers to bsp_systick.o(.text) for SysTick_Delay_Ms
    main.o(.text) refers to dfltui.o(.text) for __aeabi_ui2d
    main.o(.text) refers to ddiv.o(.text) for __aeabi_ddiv
    main.o(.text) refers to cdcmple.o(.text) for __aeabi_cdcmple
    main.o(.text) refers to ffltui.o(.text) for __aeabi_ui2f
    main.o(.text) refers to fmul.o(.text) for __aeabi_fmul
    main.o(.text) refers to fdiv.o(.text) for __aeabi_fdiv
    main.o(.text) refers to f2d.o(.text) for __aeabi_f2d
    main.o(.text) refers to sin.o(i.sin) for sin
    main.o(.text) refers to dmul.o(.text) for __aeabi_dmul
    main.o(.text) refers to dadd.o(.text) for __aeabi_dadd
    main.o(.text) refers to dfixui.o(.text) for __aeabi_d2uiz
    main.o(.text) refers to cdrcmple.o(.text) for __aeabi_cdrcmple
    main.o(.text) refers to main.o(.data) for StartFlag
    stm32f10x_it.o(.text) refers to bsp_systick.o(.text) for TimingDelay_Decrement
    stm32f10x_it.o(.text) refers to bsp_sdio_sdcard.o(.text) for SD_ProcessIRQSrc
    stm32f10x_it.o(.text) refers to stm32f10x_tim.o(.text) for TIM_GetITStatus
    stm32f10x_it.o(.text) refers to handlingdata.o(.text) for logdata
    stm32f10x_it.o(.text) refers to stm32f10x_can.o(.text) for CAN_Receive
    stm32f10x_it.o(.text) refers to bsp_485.o(.text) for bsp_RS485_IRQHandler
    stm32f10x_it.o(.text) refers to main.o(.data) for time
    stm32f10x_it.o(.text) refers to main.o(.bss) for RxMessage
    bsp_led.o(.text) refers to stm32f10x_rcc.o(.text) for RCC_APB2PeriphClockCmd
    bsp_led.o(.text) refers to stm32f10x_gpio.o(.text) for GPIO_Init
    bsp_usart.o(.text) refers to stm32f10x_rcc.o(.text) for RCC_APB2PeriphClockCmd
    bsp_usart.o(.text) refers to stm32f10x_gpio.o(.text) for GPIO_Init
    bsp_usart.o(.text) refers to stm32f10x_usart.o(.text) for USART_Init
    bsp_sdio_sdcard.o(.text) refers to stm32f10x_sdio.o(.text) for SDIO_ClockCmd
    bsp_sdio_sdcard.o(.text) refers to stm32f10x_rcc.o(.text) for RCC_AHBPeriphClockCmd
    bsp_sdio_sdcard.o(.text) refers to stm32f10x_gpio.o(.text) for GPIO_Init
    bsp_sdio_sdcard.o(.text) refers to misc.o(.text) for NVIC_PriorityGroupConfig
    bsp_sdio_sdcard.o(.text) refers to stm32f10x_dma.o(.text) for DMA_GetFlagStatus
    bsp_sdio_sdcard.o(.text) refers to bsp_sdio_sdcard.o(.bss) for SDIO_CmdInitStructure
    bsp_sdio_sdcard.o(.text) refers to bsp_sdio_sdcard.o(.data) for RCA
    bsp_can.o(.text) refers to stm32f10x_rcc.o(.text) for RCC_APB2PeriphClockCmd
    bsp_can.o(.text) refers to stm32f10x_gpio.o(.text) for GPIO_PinRemapConfig
[...]
    cdcmple.s                                0x00000000   Number         0  cdcmple.o ABSOLUTE
    cdrcmple.s                               0x00000000   Number         0  cdrcmple.o ABSOLUTE
    dc.s                                     0x00000000   Number         0  dc.o ABSOLUTE
    handlers.s                               0x00000000   Number         0  handlers.o ABSOLUTE
    init.s                                   0x00000000   Number         0  init.o ABSOLUTE
    RESET                                    0x08000000   Section      304  startup_stm32f10x_hd.o(RESET)
    .ARM.Collect$$$$00000000                 0x08000130   Section        0  entry.o(.ARM.Collect$$$$00000000)
    .ARM.Collect$$$$00000001                 0x08000130   Section        4  entry2.o(.ARM.Collect$$$$00000001)
    .ARM.Collect$$$$00000004                 0x08000134   Section        4  entry5.o(.ARM.Collect$$$$00000004)
    .ARM.Collect$$$$00000008                 0x08000138   Section        0  entry7b.o(.ARM.Collect$$$$00000008)
    .ARM.Collect$$$$0000000A                 0x08000138   Section        0  entry8b.o(.ARM.Collect$$$$0000000A)
    .ARM.Collect$$$$0000000B                 0x08000138   Section        8  entry9a.o(.ARM.Collect$$$$0000000B)
    .ARM.Collect$$$$0000000D                 0x08000140   Section        0  entry10a.o(.ARM.Collect$$$$0000000D)
    .ARM.Collect$$$$0000000F                 0x08000140   Section        0  entry11a.o(.ARM.Collect$$$$0000000F)
    .ARM.Collect$$$$00002712                 0x08000140   Section        4  entry2.o(.ARM.Collect$$$$00002712)
    __lit__00000000                          0x08000140   Data           4  entry2.o(.ARM.Collect$$$$00002712)
    .text                                    0x08000144   Section       36  startup_stm32f10x_hd.o(.text)
    .text                                    0x08000168   Section        0  system_stm32f10x.o(.text)
    SetSysClockTo72                          0x08000169   Thumb Code   214  system_stm32f10x.o(.text)
    SetSysClock                              0x0800023f   Thumb Code     8  system_stm32f10x.o(.text)
    .text                                    0x08000348   Section        0  misc.o(.text)
    .text                                    0x08000424   Section        0  stm32f10x_adc.o(.text)
    .text                                    0x08000874   Section        0  stm32f10x_can.o(.text)
    CheckITStatus                            0x08001077   Thumb Code    18  stm32f10x_can.o(.text)
    .text                                    0x08001264   Section        0  stm32f10x_dma.o(.text)
    .text                                    0x080014b8   Section        0  stm32f10x_gpio.o(.text)
    .text                                    0x08001814   Section        0  stm32f10x_rcc.o(.text)
    .text                                    0x08001bb8   Section        0  stm32f10x_sdio.o(.text)
    .text                                    0x08001d8c   Section        0  stm32f10x_tim.o(.text)
    TI4_Config                               0x08002233   Thumb Code   130  stm32f10x_tim.o(.text)
    TI3_Config                               0x080022c7   Thumb Code   122  stm32f10x_tim.o(.text)
    TI2_Config                               0x0800235b   Thumb Code   130  stm32f10x_tim.o(.text)
    TI1_Config                               0x080023ef   Thumb Code   108  stm32f10x_tim.o(.text)
    .text                                    0x08002ba8   Section        0  stm32f10x_usart.o(.text)
    .text                                    0x08002fb0   Section        0  main.o(.text)
    RS485_delay                              0x08002fb1   Thumb Code    18  main.o(.text)
    .text                                    0x08003364   Section        0  stm32f10x_it.o(.text)
    RS485_delay                              0x08003365   Thumb Code    18  stm32f10x_it.o(.text)
    .text                                    0x08003448   Section        0  bsp_led.o(.text)
    .text                                    0x080034a8   Section        0  bsp_usart.o(.text)
    .text                                    0x08003564   Section        0  bsp_sdio_sdcard.o(.text)
    NVIC_Configuration                       0x080035a7   Thumb Code    40  bsp_sdio_sdcard.o(.text)
    SD_DMAEndOfTransferStatus                0x080035cf   Thumb Code    10  bsp_sdio_sdcard.o(.text)
    SD_DMA_RxConfig                          0x080035d9   Thumb Code    86  bsp_sdio_sdcard.o(.text)
    SD_DMA_TxConfig                          0x0800362f   Thumb Code    86  bsp_sdio_sdcard.o(.text)
    GPIO_Configuration                       0x08003685   Thumb Code    70  bsp_sdio_sdcard.o(.text)
    CmdResp1Error                            0x080036cb   Thumb Code    40  bsp_sdio_sdcard.o(.text)
    FindSCR                                  0x080036f3   Thumb Code   396  bsp_sdio_sdcard.o(.text)
    SDEnWideBus                              0x0800387f   Thumb Code   310  bsp_sdio_sdcard.o(.text)
    CmdResp2Error                            0x08003d2d   Thumb Code    70  bsp_sdio_sdcard.o(.text)
    CmdResp6Error                            0x08003d73   Thumb Code   182  bsp_sdio_sdcard.o(.text)
    CmdResp3Error                            0x08003f4f   Thumb Code    52  bsp_sdio_sdcard.o(.text)
    CmdResp7Error                            0x08003f83   Thumb Code    72  bsp_sdio_sdcard.o(.text)
    CmdError                                 0x08003fcb   Thumb Code    44  bsp_sdio_sdcard.o(.text)
    IsCardProgramming                        0x08004891   Thumb Code   396  bsp_sdio_sdcard.o(.text)
    .text                                    0x08004bd8   Section        0  bsp_can.o(.text)
    CAN_GPIO_Config                          0x08004bd9   Thumb Code    78  bsp_can.o(.text)
    CAN_NVIC_Config                          0x08004c27   Thumb Code    40  bsp_can.o(.text)
    CAN_Mode_Config                          0x08004c4f   Thumb Code    90  bsp_can.o(.text)
    CAN_Filter_Config                        0x08004ca9   Thumb Code    84  bsp_can.o(.text)
    .text                                    0x08004d68   Section        0  bsp_adc.o(.text)
    ADCx_GPIO_Config                         0x08004d69   Thumb Code    32  bsp_adc.o(.text)
    ADCx_Mode_Config                         0x08004d89   Thumb Code   254  bsp_adc.o(.text)
    .text                                    0x08004ea4   Section        0  bsp_timbase.o(.text)
    BASIC_TIM_NVIC_Config                    0x08004ea5   Thumb Code    42  bsp_timbase.o(.text)
    BASIC_TIM_Mode_Config                    0x08004ecf   Thumb Code    60  bsp_timbase.o(.text)
    .text                                    0x08004f1c   Section        0  bsp_systick.o(.text)
    SysTick_Config                           0x08004f1d   Thumb Code    76  bsp_systick.o(.text)
    .text                                    0x08005054   Section        0  handlingdata.o(.text)
    .text                                    0x0800526c   Section        0  bsp_key.o(.text)
    .text                                    0x080052d4   Section        0  bsp_485.o(.text)
    RS485_delay                              0x080052d5   Thumb Code    18  bsp_485.o(.text)
    NVIC_Configuration                       0x080052e7   Thumb Code    38  bsp_485.o(.text)
    Delay                                    0x080053cf   Thumb Code    18  bsp_485.o(.text)
    .text                                    0x08005640   Section        0  diskio.o(.text)
    .text                                    0x08005844   Section        0  ff.o(.text)
    mem_cpy                                  0x08005845   Thumb Code    26  ff.o(.text)
    mem_set                                  0x0800585f   Thumb Code    20  ff.o(.text)
    mem_cmp                                  0x08005873   Thumb Code    38  ff.o(.text)
    chk_chr                                  0x08005899   Thumb Code    20  ff.o(.text)
    sync_window                              0x080058ad   Thumb Code    82  ff.o(.text)
    move_window                              0x080058ff   Thumb Code    52  ff.o(.text)
    sync_fs                                  0x08005933   Thumb Code   200  ff.o(.text)
    remove_chain                             0x08005cdb   Thumb Code   108  ff.o(.text)
    create_chain                             0x08005d47   Thumb Code   214  ff.o(.text)
    dir_sdi                                  0x08005e1d   Thumb Code   200  ff.o(.text)
    dir_next                                 0x08005ee5   Thumb Code   314  ff.o(.text)
    dir_alloc                                0x0800601f   Thumb Code    92  ff.o(.text)
    ld_clust                                 0x0800607b   Thumb Code    32  ff.o(.text)
    st_clust                                 0x0800609b   Thumb Code    16  ff.o(.text)
    cmp_lfn                                  0x080060ab   Thumb Code   154  ff.o(.text)
    pick_lfn                                 0x08006145   Thumb Code   124  ff.o(.text)
    fit_lfn                                  0x080061c1   Thumb Code   122  ff.o(.text)
    gen_numname                              0x0800623b   Thumb Code   198  ff.o(.text)
    sum_sfn                                  0x08006301   Thumb Code    32  ff.o(.text)
    dir_find                                 0x08006321   Thumb Code   234  ff.o(.text)
    dir_read                                 0x0800640b   Thumb Code   206  ff.o(.text)
    dir_register                             0x080064d9   Thumb Code   298  ff.o(.text)
    dir_remove                               0x08006603   Thumb Code   106  ff.o(.text)
    get_fileinfo                             0x0800666d   Thumb Code   272  ff.o(.text)
    create_name                              0x0800677d   Thumb Code   604  ff.o(.text)
    follow_path                              0x080069d9   Thumb Code   144  ff.o(.text)
    get_ldnumber                             0x08006a69   Thumb Code    74  ff.o(.text)
    check_fs                                 0x08006ab3   Thumb Code   140  ff.o(.text)
    find_volume                              0x08006b3f   Thumb Code   996  ff.o(.text)
    validate                                 0x08006f23   Thumb Code    50  ff.o(.text)
    putc_bfd                                 0x080084ed   Thumb Code    68  ff.o(.text)
    .text                                    0x0800885c   Section        0  cc936.o(.text)
    .text                                    0x08008934   Section        0  memcpya.o(.text)
    .text                                    0x08008958   Section        0  fmul.o(.text)
    .text                                    0x080089bc   Section        0  fdiv.o(.text)
    .text                                    0x08008a38   Section        0  dadd.o(.text)
    .text                                    0x08008b86   Section        0  dmul.o(.text)
    .text                                    0x08008c6a   Section        0  ddiv.o(.text)
    .text                                    0x08008d48   Section        0  ffltui.o(.text)
    .text                                    0x08008d52   Section        0  dfltui.o(.text)
    .text                                    0x08008d6c   Section        0  dfixui.o(.text)
    .text                                    0x08008d9e   Section        0  f2d.o(.text)
    .text                                    0x08008dc4   Section       48  cdcmple.o(.text)
    .text                                    0x08008df4   Section       48  cdrcmple.o(.text)
    .text                                    0x08008e24   Section        0  uidiv.o(.text)
    .text                                    0x08008e50   Section        0  llshl.o(.text)
    .text                                    0x08008e6e   Section        0  llushr.o(.text)
    .text                                    0x08008e8e   Section        0  llsshr.o(.text)
    .text                                    0x08008eb2   Section        0  iusefp.o(.text)
    .text                                    0x08008eb2   Section        0  fepilogue.o(.text)
    .text                                    0x08008f20   Section        0  depilogue.o(.text)
    .text                                    0x08008fdc   Section       36  init.o(.text)
    .text                                    0x08009000   Section        0  dscalb.o(.text)
    .text                                    0x0800902e   Section        0  dflti.o(.text)
    .text                                    0x08009050   Section        0  dfixi.o(.text)
    i.__0printf$1                            0x08009090   Section        0  printf1.o(i.__0printf$1)
    i.__ARM_fpclassify                       0x080090b0   Section        0  fpclassify.o(i.__ARM_fpclassify)
    i.__ieee754_rem_pio2                     0x080090d8   Section        0  rred.o(i.__ieee754_rem_pio2)
    i.__kernel_cos                           0x08009460   Section        0  cos_i.o(i.__kernel_cos)
    i.__kernel_poly                          0x0800955c   Section        0  poly.o(i.__kernel_poly)
    i.__kernel_sin                           0x08009608   Section        0  sin_i.o(i.__kernel_sin)
    i.__mathlib_dbl_infnan                   0x080096f4   Section        0  dunder.o(i.__mathlib_dbl_infnan)
    i.__mathlib_dbl_invalid                  0x080096fa   Section        0  dunder.o(i.__mathlib_dbl_invalid)
    i.__mathlib_dbl_underflow                0x08009708   Section        0  dunder.o(i.__mathlib_dbl_underflow)
    i.__scatterload_copy                     0x08009718   Section       14  handlers.o(i.__scatterload_copy)
    i.__scatterload_null                     0x08009726   Section        2  handlers.o(i.__scatterload_null)
    i.__scatterload_zeroinit                 0x08009728   Section       14  handlers.o(i.__scatterload_zeroinit)
    i.__set_errno                            0x08009738   Section        0  errno.o(i.__set_errno)
    i._printf_core                           0x08009744   Section        0  printf1.o(i._printf_core)
    _printf_core                             0x08009745   Thumb Code   336  printf1.o(i._printf_core)
    i.sin                                    0x08009898   Section        0  sin.o(i.sin)
    .constdata                               0x08009938   Section       58  ff.o(.constdata)
    LfnOfs                                   0x08009938   Data          13  ff.o(.constdata)
    vst                                      0x08009946   Data          22  ff.o(.constdata)
    cst                                      0x0800995c   Data          22  ff.o(.constdata)
    .constdata                               0x08009972   Section    176320  cc936.o(.constdata)
    uni2oem                                  0x08009972   Data       87172  cc936.o(.constdata)
    oem2uni                                  0x0801edf6   Data       87172  cc936.o(.constdata)
    lower                                    0x0803427a   Data         988  cc936.o(.constdata)
    upper                                    0x08034656   Data         988  cc936.o(.constdata)
    .constdata                               0x08034a38   Section       48  cos_i.o(.constdata)
    C                                        0x08034a38   Data          48  cos_i.o(.constdata)
    .constdata                               0x08034a68   Section      200  rred.o(.constdata)
    pio2s                                    0x08034a68   Data          48  rred.o(.constdata)
    twooverpi                                0x08034a98   Data         152  rred.o(.constdata)
    .constdata                               0x08034b30   Section       40  sin_i.o(.constdata)
    S                                        0x08034b30   Data          40  sin_i.o(.constdata)
    .data                                    0x20000000   Section       20  system_stm32f10x.o(.data)
    .data                                    0x20000014   Section       20  stm32f10x_rcc.o(.data)
    APBAHBPrescTable                         0x20000014   Data          16  stm32f10x_rcc.o(.data)
    ADCPrescTable                            0x20000024   Data           4  stm32f10x_rcc.o(.data)
    .data                                    0x20000028   Section      140  main.o(.data)
    .data                                    0x200000b4   Section       20  bsp_sdio_sdcard.o(.data)
    CardType                                 0x200000b4   Data           4  bsp_sdio_sdcard.o(.data)
    RCA                                      0x200000b8   Data           4  bsp_sdio_sdcard.o(.data)
    .data                                    0x200000c8   Section        6  bsp_adc.o(.data)
    .data                                    0x200000d0   Section        4  bsp_systick.o(.data)
    TimingDelay                              0x200000d0   Data           4  bsp_systick.o(.data)
    .data                                    0x200000d4   Section       26  handlingdata.o(.data)
    .data                                    0x200000ee   Section        2  bsp_485.o(.data)
    .data                                    0x200000f0   Section       10  ff.o(.data)
    FatFs                                    0x200000f0   Data           8  ff.o(.data)
    Fsid                                     0x200000f8   Data           2  ff.o(.data)
    .data                                    0x200000fc   Section        4  stdout.o(.data)
    .data                                    0x20000100   Section        4  errno.o(.data)
    _errno                                   0x20000100   Data           4  errno.o(.data)
    .bss                                     0x20000104   Section       40  main.o(.bss)
    .bss                                     0x2000012c   Section      196  bsp_sdio_sdcard.o(.bss)
    CSD_Tab                                  0x2000012c   Data          16  bsp_sdio_sdcard.o(.bss)
    CID_Tab                                  0x2000013c   Data          16  bsp_sdio_sdcard.o(.bss)
    SDSTATUS_Tab                             0x2000014c   Data          16  bsp_sdio_sdcard.o(.bss)
    .bss                                     0x200001f0   Section     9544  handlingdata.o(.bss)
    .bss                                     0x20002738   Section     1024  bsp_485.o(.bss)
    STACK                                    0x20002b38   Section     1024  startup_stm32f10x_hd.o(STACK)

    Global Symbols

    Symbol Name                              Value     Ov Type        Size  Object(Section)

    BuildAttributes$$THM_ISAv4$P$D$K$B$S$PE$A:L22UL41UL21$X:L11$S22US41US21$IEEE1$IW$USESV6$~STKCKD$USESV7$~SHL$OTIME$ROPI$IEEEX$EBA8$MICROLIB$REQ8$PRES8$EABIv2 0x00000000   Number         0  anon$$obj.o ABSOLUTE
    __ARM_use_no_argv                        0x00000000   Number         0  main.o ABSOLUTE
    _printf_a                                0x00000000   Number         0  stubs.o ABSOLUTE
    _printf_c                                0x00000000   Number         0  stubs.o ABSOLUTE
    _printf_charcount                        0x00000000   Number         0  stubs.o ABSOLUTE
    _printf_d                                0x00000000   Number         0  stubs.o ABSOLUTE
    _printf_e                                0x00000000   Number         0  stubs.o ABSOLUTE
    _printf_f                                0x00000000   Number         0  stubs.o ABSOLUTE
    _printf_flags                            0x00000000   Number         0  stubs.o ABSOLUTE
    _printf_fp_dec                           0x00000000   Number         0  stubs.o ABSOLUTE
    _printf_fp_hex                           0x00000000   Number         0  stubs.o ABSOLUTE
    _printf_g                                0x00000000   Number         0  stubs.o ABSOLUTE
    _printf_i                                0x00000000   Number         0  stubs.o ABSOLUTE
    _printf_int_dec                          0x00000000   Number         0  stubs.o ABSOLUTE
    _printf_l                                0x00000000   Number         0  stubs.o ABSOLUTE
    _printf_lc                               0x00000000   Number         0  stubs.o ABSOLUTE
    _printf_ll                               0x00000000   Number         0  stubs.o ABSOLUTE
    _printf_lld                              0x00000000   Number         0  stubs.o ABSOLUTE
    _printf_lli                              0x00000000   Number         0  stubs.o ABSOLUTE
    _printf_llo                              0x00000000   Number         0  stubs.o ABSOLUTE
    _printf_llu                              0x00000000   Number         0  stubs.o ABSOLUTE
    _printf_llx                              0x00000000   Number         0  stubs.o ABSOLUTE
    _printf_longlong_dec                     0x00000000   Number         0  stubs.o ABSOLUTE
    _printf_longlong_hex                     0x00000000   Number         0  stubs.o ABSOLUTE
    _printf_longlong_oct                     0x00000000   Number         0  stubs.o ABSOLUTE
    _printf_ls                               0x00000000   Number         0  stubs.o ABSOLUTE
    _printf_mbtowc                           0x00000000   Number         0  stubs.o ABSOLUTE
    _printf_n                                0x00000000   Number         0  stubs.o ABSOLUTE
    _printf_o                                0x00000000   Number         0  stubs.o ABSOLUTE
    _printf_p                                0x00000000   Number         0  stubs.o ABSOLUTE
    _printf_percent                          0x00000000   Number         0  stubs.o ABSOLUTE
    _printf_pre_padding                      0x00000000   Number         0  stubs.o ABSOLUTE
    _printf_return_value                     0x00000000   Number         0  stubs.o ABSOLUTE
    _printf_s                                0x00000000   Number         0  stubs.o ABSOLUTE
    _printf_sizespec                         0x00000000   Number         0  stubs.o ABSOLUTE
    _printf_str                              0x00000000   Number         0  stubs.o ABSOLUTE
    _printf_truncate_signed                  0x00000000   Number         0  stubs.o ABSOLUTE
    _printf_truncate_unsigned                0x00000000   Number         0  stubs.o ABSOLUTE
    _printf_u                                0x00000000   Number         0  stubs.o ABSOLUTE
    _printf_wc                               0x00000000   Number         0  stubs.o ABSOLUTE
    _printf_wctomb                           0x00000000   Number         0  stubs.o ABSOLUTE
    _printf_widthprec                        0x00000000   Number         0  stubs.o ABSOLUTE
    _printf_x                                0x00000000   Number         0  stubs.o ABSOLUTE
    __cpp_initialize__aeabi_                  - Undefined Weak Reference
    __cxa_finalize                            - Undefined Weak Reference
    __decompress                              - Undefined Weak Reference
    _clock_init                               - Undefined Weak Reference
    _microlib_exit                            - Undefined Weak Reference
    __Vectors_Size                           0x00000130   Number         0  startup_stm32f10x_hd.o ABSOLUTE
    __Vectors                                0x08000000   Data           4  startup_stm32f10x_hd.o(RESET)
    __Vectors_End                            0x08000130   Data           0  startup_stm32f10x_hd.o(RESET)
    __main                                   0x08000131   Thumb Code     0  entry.o(.ARM.Collect$$$$00000000)
    _main_stk                                0x08000131   Thumb Code     0  entry2.o(.ARM.Collect$$$$00000001)
    _main_scatterload                        0x08000135   Thumb Code     0  entry5.o(.ARM.Collect$$$$00000004)
    __main_after_scatterload                 0x08000139   Thumb Code     0  entry5.o(.ARM.Collect$$$$00000004)
    _main_clock                              0x08000139   Thumb Code     0  entry7b.o(.ARM.Collect$$$$00000008)
    _main_cpp_init                           0x08000139   Thumb Code     0  entry8b.o(.ARM.Collect$$$$0000000A)
    _main_init                               0x08000139   Thumb Code     0  entry9a.o(.ARM.Collect$$$$0000000B)
    __rt_final_cpp                           0x08000141   Thumb Code     0  entry10a.o(.ARM.Collect$$$$0000000D)
    __rt_final_exit                          0x08000141   Thumb Code     0  entry11a.o(.ARM.Collect$$$$0000000F)
    Reset_Handler                            0x08000145   Thumb Code     8  startup_stm32f10x_hd.o(.text)
    ADC1_2_IRQHandler                        0x0800015f   Thumb Code     0  startup_stm32f10x_hd.o(.text)
    ADC3_IRQHandler                          0x0800015f   Thumb Code     0  startup_stm32f10x_hd.o(.text)
    CAN1_RX1_IRQHandler                      0x0800015f   Thumb Code     0  startup_stm32f10x_hd.o(.text)
    CAN1_SCE_IRQHandler                      0x0800015f   Thumb Code     0  startup_stm32f10x_hd.o(.text)
    DMA1_Channel1_IRQHandler                 0x0800015f   Thumb Code     0  startup_stm32f10x_hd.o(.text)
    DMA1_Channel2_IRQHandler                 0x0800015f   Thumb Code     0  startup_stm32f10x_hd.o(.text)
    DMA1_Channel3_IRQHandler                 0x0800015f   Thumb Code     0  startup_stm32f10x_hd.o(.text)
    DMA1_Channel4_IRQHandler                 0x0800015f   Thumb Code     0  startup_stm32f10x_hd.o(.text)
    DMA1_Channel5_IRQHandler                 0x0800015f   Thumb Code     0  startup_stm32f10x_hd.o(.text)
    DMA1_Channel6_IRQHandler                 0x0800015f   Thumb Code     0  startup_stm32f10x_hd.o(.text)
    DMA1_Channel7_IRQHandler                 0x0800015f   Thumb Code     0  startup_stm32f10x_hd.o(.text)
    DMA2_Channel1_IRQHandler                 0x0800015f   Thumb Code     0  startup_stm32f10x_hd.o(.text)
    DMA2_Channel2_IRQHandler                 0x0800015f   Thumb Code     0  startup_stm32f10x_hd.o(.text)
    DMA2_Channel3_IRQHandler                 0x0800015f   Thumb Code     0  startup_stm32f10x_hd.o(.text)
    DMA2_Channel4_5_IRQHandler               0x0800015f   Thumb Code     0  startup_stm32f10x_hd.o(.text)
    EXTI0_IRQHandler                         0x0800015f   Thumb Code     0  startup_stm32f10x_hd.o(.text)
    EXTI15_10_IRQHandler                     0x0800015f   Thumb Code     0  startup_stm32f10x_hd.o(.text)
    EXTI1_IRQHandler                         0x0800015f   Thumb Code     0  startup_stm32f10x_hd.o(.text)
    EXTI2_IRQHandler                         0x0800015f   Thumb Code     0  startup_stm32f10x_hd.o(.text)
    EXTI3_IRQHandler                         0x0800015f   Thumb Code     0  startup_stm32f10x_hd.o(.text)
    EXTI4_IRQHandler                         0x0800015f   Thumb Code     0  startup_stm32f10x_hd.o(.text)
    EXTI9_5_IRQHandler                       0x0800015f   Thumb Code     0  startup_stm32f10x_hd.o(.text)
    FLASH_IRQHandler                         0x0800015f   Thumb Code     0  startup_stm32f10x_hd.o(.text)
    FSMC_IRQHandler                          0x0800015f   Thumb Code     0  startup_stm32f10x_hd.o(.text)
    I2C1_ER_IRQHandler                       0x0800015f   Thumb Code     0  startup_stm32f10x_hd.o(.text)
    I2C1_EV_IRQHandler                       0x0800015f   Thumb Code     0  startup_stm32f10x_hd.o(.text)
    I2C2_ER_IRQHandler                       0x0800015f   Thumb Code     0  startup_stm32f10x_hd.o(.text)
    I2C2_EV_IRQHandler                       0x0800015f   Thumb Code     0  startup_stm32f10x_hd.o(.text)
    PVD_IRQHandler                           0x0800015f   Thumb Code     0  startup_stm32f10x_hd.o(.text)
    RCC_IRQHandler                           0x0800015f   Thumb Code     0  startup_stm32f10x_hd.o(.text)
    RTCAlarm_IRQHandler                      0x0800015f   Thumb Code     0  startup_stm32f10x_hd.o(.text)
    RTC_IRQHandler                           0x0800015f   Thumb Code     0  startup_stm32f10x_hd.o(.text)
    SPI1_IRQHandler                          0x0800015f   Thumb Code     0  startup_stm32f10x_hd.o(.text)
    SPI2_IRQHandler                          0x0800015f   Thumb Code     0  startup_stm32f10x_hd.o(.text)
    SPI3_IRQHandler                          0x0800015f   Thumb Code     0  startup_stm32f10x_hd.o(.text)
    TAMPER_IRQHandler                        0x0800015f   Thumb Code     0  startup_stm32f10x_hd.o(.text)
    TIM1_BRK_IRQHandler                      0x0800015f   Thumb Code     0  startup_stm32f10x_hd.o(.text)
    TIM1_CC_IRQHandler                       0x0800015f   Thumb Code     0  startup_stm32f10x_hd.o(.text)
    TIM1_TRG_COM_IRQHandler                  0x0800015f   Thumb Code     0  startup_stm32f10x_hd.o(.text)
    TIM1_UP_IRQHandler                       0x0800015f   Thumb Code     0  startup_stm32f10x_hd.o(.text)
    TIM2_IRQHandler                          0x0800015f   Thumb Code     0  startup_stm32f10x_hd.o(.text)
    TIM3_IRQHandler                          0x0800015f   Thumb Code     0  startup_stm32f10x_hd.o(.text)
    TIM4_IRQHandler                          0x0800015f   Thumb Code     0  startup_stm32f10x_hd.o(.text)
    TIM5_IRQHandler                          0x0800015f   Thumb Code     0  startup_stm32f10x_hd.o(.text)
    TIM7_IRQHandler                          0x0800015f   Thumb Code     0  startup_stm32f10x_hd.o(.text)
    TIM8_BRK_IRQHandler                      0x0800015f   Thumb Code     0  startup_stm32f10x_hd.o(.text)
    TIM8_CC_IRQHandler                       0x0800015f   Thumb Code     0  startup_stm32f10x_hd.o(.text)
    TIM8_TRG_COM_IRQHandler                  0x0800015f   Thumb Code     0  startup_stm32f10x_hd.o(.text)
    TIM8_UP_IRQHandler                       0x0800015f   Thumb Code     0  startup_stm32f10x_hd.o(.text)
    UART4_IRQHandler                         0x0800015f   Thumb Code     0  startup_stm32f10x_hd.o(.text)
    UART5_IRQHandler                         0x0800015f   Thumb Code     0  startup_stm32f10x_hd.o(.text)
    USART1_IRQHandler                        0x0800015f   Thumb Code     0  startup_stm32f10x_hd.o(.text)
    USART3_IRQHandler                        0x0800015f   Thumb Code     0  startup_stm32f10x_hd.o(.text)
    USBWakeUp_IRQHandler                     0x0800015f   Thumb Code     0  startup_stm32f10x_hd.o(.text)
    USB_HP_CAN1_TX_IRQHandler                0x0800015f   Thumb Code     0  startup_stm32f10x_hd.o(.text)
    WWDG_IRQHandler                          0x0800015f   Thumb Code     0  startup_stm32f10x_hd.o(.text)
    SystemInit                               0x08000247   Thumb Code    78  system_stm32f10x.o(.text)
    SystemCoreClockUpdate                    0x08000295   Thumb Code   142  system_stm32f10x.o(.text)
    NVIC_PriorityGroupConfig                 0x08000349   Thumb Code    10  misc.o(.text)
    NVIC_Init                                0x08000353   Thumb Code   100  misc.o(.text)
    NVIC_SetVectorTable                      0x080003b7   Thumb Code    14  misc.o(.text)
    NVIC_SystemLPConfig                      0x080003c5   Thumb Code    34  misc.o(.text)
    SysTick_CLKSourceConfig                  0x080003e7   Thumb Code    40  misc.o(.text)
    ADC_DeInit                               0x08000425   Thumb Code    78  stm32f10x_adc.o(.text)
    ADC_Init                                 0x08000473   Thumb Code    70  stm32f10x_adc.o(.text)
    ADC_StructInit                           0x080004b9   Thumb Code    18  stm32f10x_adc.o(.text)
    ADC_Cmd                                  0x080004cb   Thumb Code    22  stm32f10x_adc.o(.text)
    ADC_DMACmd                               0x080004e1   Thumb Code    22  stm32f10x_adc.o(.text)
    ADC_ITConfig                             0x080004f7   Thumb Code    24  stm32f10x_adc.o(.text)
    ADC_ResetCalibration                     0x0800050f   Thumb Code    10  stm32f10x_adc.o(.text)
    ADC_GetResetCalibrationStatus            0x08000519   Thumb Code    20  stm32f10x_adc.o(.text)
    ADC_StartCalibration                     0x0800052d   Thumb Code    10  stm32f10x_adc.o(.text)
    ADC_GetCalibrationStatus                 0x08000537   Thumb Code    20  stm32f10x_adc.o(.text)
    ADC_SoftwareStartConvCmd                 0x0800054b   Thumb Code    22  stm32f10x_adc.o(.text)
    ADC_GetSoftwareStartConvStatus           0x08000561   Thumb Code    20  stm32f10x_adc.o(.text)
    ADC_DiscModeChannelCountConfig           0x08000575   Thumb Code    24  stm32f10x_adc.o(.text)
    ADC_DiscModeCmd                          0x0800058d   Thumb Code    22  stm32f10x_adc.o(.text)
    ADC_RegularChannelConfig                 0x080005a3   Thumb Code   184  stm32f10x_adc.o(.text)
    ADC_ExternalTrigConvCmd                  0x0800065b   Thumb Code    22  stm32f10x_adc.o(.text)
    ADC_GetConversionValue                   0x08000671   Thumb Code     8  stm32f10x_adc.o(.text)
    ADC_GetDualModeConversionValue           0x08000679   Thumb Code     8  stm32f10x_adc.o(.text)
    ADC_AutoInjectedConvCmd                  0x08000681   Thumb Code    22  stm32f10x_adc.o(.text)
    ADC_InjectedDiscModeCmd                  0x08000697   Thumb Code    22  stm32f10x_adc.o(.text)
    ADC_ExternalTrigInjectedConvConfig       0x080006ad   Thumb Code    16  stm32f10x_adc.o(.text)
    ADC_ExternalTrigInjectedConvCmd          0x080006bd   Thumb Code    22  stm32f10x_adc.o(.text)
    ADC_SoftwareStartInjectedConvCmd         0x080006d3   Thumb Code    22  stm32f10x_adc.o(.text)
    ADC_GetSoftwareStartInjectedConvCmdStatus 0x080006e9   Thumb Code    20  stm32f10x_adc.o(.text)
    ADC_InjectedChannelConfig                0x080006fd   Thumb Code   130  stm32f10x_adc.o(.text)
    ADC_InjectedSequencerLengthConfig        0x0800077f   Thumb Code    24  stm32f10x_adc.o(.text)
    ADC_SetInjectedOffset                    0x08000797   Thumb Code    20  stm32f10x_adc.o(.text)
    ADC_GetInjectedConversionValue           0x080007ab   Thumb Code    28  stm32f10x_adc.o(.text)
    ADC_AnalogWatchdogCmd                    0x080007c7   Thumb Code    16  stm32f10x_adc.o(.text)
    ADC_AnalogWatchdogThresholdsConfig       0x080007d7   Thumb Code     6  stm32f10x_adc.o(.text)
    ADC_AnalogWatchdogSingleChannelConfig    0x080007dd   Thumb Code    16  stm32f10x_adc.o(.text)
    ADC_TempSensorVrefintCmd                 0x080007ed   Thumb Code    64  stm32f10x_adc.o(.text)
    ADC_GetFlagStatus                        0x0800082d   Thumb Code    18  stm32f10x_adc.o(.text)
    ADC_ClearFlag                            0x0800083f   Thumb Code     6  stm32f10x_adc.o(.text)
    ADC_GetITStatus                          0x08000845   Thumb Code    36  stm32f10x_adc.o(.text)
    ADC_ClearITPendingBit                    0x08000869   Thumb Code    10  stm32f10x_adc.o(.text)
    CAN_DeInit                               0x08000875   Thumb Code    50  stm32f10x_can.o(.text)
    CAN_Init                                 0x080008a7   Thumb Code   276  stm32f10x_can.o(.text)
    CAN_FilterInit                           0x080009bb   Thumb Code   258  stm32f10x_can.o(.text)
    CAN_StructInit                           0x08000abd   Thumb Code    32  stm32f10x_can.o(.text)
    CAN_SlaveStartBank                       0x08000add   Thumb Code    48  stm32f10x_can.o(.text)
    CAN_DBGFreeze                            0x08000b0d   Thumb Code    22  stm32f10x_can.o(.text)
    CAN_TTComModeCmd                         0x08000b23   Thumb Code   118  stm32f10x_can.o(.text)
    CAN_Transmit                             0x08000b99   Thumb Code   304  stm32f10x_can.o(.text)
    CAN_TransmitStatus                       0x08000cc9   Thumb Code   138  stm32f10x_can.o(.text)
    CAN_CancelTransmit                       0x08000d53   Thumb Code    48  stm32f10x_can.o(.text)
    CAN_Receive                              0x08000d83   Thumb Code   240  stm32f10x_can.o(.text)
    CAN_FIFORelease                          0x08000e73   Thumb Code    22  stm32f10x_can.o(.text)
    CAN_MessagePending                       0x08000e89   Thumb Code    30  stm32f10x_can.o(.text)
    CAN_OperatingModeRequest                 0x08000ea7   Thumb Code   162  stm32f10x_can.o(.text)
    CAN_Sleep                                0x08000f49   Thumb Code    30  stm32f10x_can.o(.text)
    CAN_WakeUp                               0x08000f67   Thumb Code    48  stm32f10x_can.o(.text)
    CAN_GetLastErrorCode                     0x08000f97   Thumb Code    12  stm32f10x_can.o(.text)
    CAN_GetReceiveErrorCounter               0x08000fa3   Thumb Code    10  stm32f10x_can.o(.text)
    CAN_GetLSBTransmitErrorCounter           0x08000fad   Thumb Code    12  stm32f10x_can.o(.text)
    CAN_ITConfig                             0x08000fb9   Thumb Code    18  stm32f10x_can.o(.text)
    CAN_GetFlagStatus                        0x08000fcb   Thumb Code   120  stm32f10x_can.o(.text)
    CAN_ClearFlag                            0x08001043   Thumb Code    52  stm32f10x_can.o(.text)
    CAN_GetITStatus                          0x08001089   Thumb Code   310  stm32f10x_can.o(.text)
    CAN_ClearITPendingBit                    0x080011bf   Thumb Code   162  stm32f10x_can.o(.text)
    DMA_DeInit                               0x08001265   Thumb Code   324  stm32f10x_dma.o(.text)
    DMA_Init                                 0x080013a9   Thumb Code    60  stm32f10x_dma.o(.text)
    DMA_StructInit                           0x080013e5   Thumb Code    26  stm32f10x_dma.o(.text)
    DMA_Cmd                                  0x080013ff   Thumb Code    24  stm32f10x_dma.o(.text)
    DMA_ITConfig                             0x08001417   Thumb Code    18  stm32f10x_dma.o(.text)
    DMA_SetCurrDataCounter                   0x08001429   Thumb Code     4  stm32f10x_dma.o(.text)
    DMA_GetCurrDataCounter                   0x0800142d   Thumb Code     8  stm32f10x_dma.o(.text)
    DMA_GetFlagStatus                        0x08001435   Thumb Code    40  stm32f10x_dma.o(.text)
    DMA_ClearFlag                            0x0800145d   Thumb Code    22  stm32f10x_dma.o(.text)
    DMA_GetITStatus                          0x08001473   Thumb Code    40  stm32f10x_dma.o(.text)
    DMA_ClearITPendingBit                    0x0800149b   Thumb Code    22  stm32f10x_dma.o(.text)
    GPIO_DeInit                              0x080014b9   Thumb Code   172  stm32f10x_gpio.o(.text)
    GPIO_AFIODeInit                          0x08001565   Thumb Code    20  stm32f10x_gpio.o(.text)
    GPIO_Init                                0x08001579   Thumb Code   278  stm32f10x_gpio.o(.text)
    GPIO_StructInit                          0x0800168f   Thumb Code    16  stm32f10x_gpio.o(.text)
    GPIO_ReadInputDataBit                    0x0800169f   Thumb Code    18  stm32f10x_gpio.o(.text)
    GPIO_ReadInputData                       0x080016b1   Thumb Code     8  stm32f10x_gpio.o(.text)
    GPIO_ReadOutputDataBit                   0x080016b9   Thumb Code    18  stm32f10x_gpio.o(.text)
    GPIO_ReadOutputData                      0x080016cb   Thumb Code     8  stm32f10x_gpio.o(.text)
    GPIO_SetBits                             0x080016d3   Thumb Code     4  stm32f10x_gpio.o(.text)
    GPIO_ResetBits                           0x080016d7   Thumb Code     4  stm32f10x_gpio.o(.text)
    GPIO_WriteBit                            0x080016db   Thumb Code    10  stm32f10x_gpio.o(.text)
    GPIO_Write                               0x080016e5   Thumb Code     4  stm32f10x_gpio.o(.text)
    GPIO_PinLockConfig                       0x080016e9   Thumb Code    18  stm32f10x_gpio.o(.text)
    GPIO_EventOutputConfig                   0x080016fb   Thumb Code    26  stm32f10x_gpio.o(.text)
    GPIO_EventOutputCmd                      0x08001715   Thumb Code     6  stm32f10x_gpio.o(.text)
    GPIO_PinRemapConfig                      0x0800171b   Thumb Code   138  stm32f10x_gpio.o(.text)
    GPIO_EXTILineConfig                      0x080017a5   Thumb Code    66  stm32f10x_gpio.o(.text)
    GPIO_ETH_MediaInterfaceConfig            0x080017e7   Thumb Code     8  stm32f10x_gpio.o(.text)
    RCC_DeInit                               0x08001815   Thumb Code    64  stm32f10x_rcc.o(.text)
    RCC_HSEConfig                            0x08001855   Thumb Code    70  stm32f10x_rcc.o(.text)
    RCC_GetFlagStatus                        0x0800189b   Thumb Code    56  stm32f10x_rcc.o(.text)
    RCC_WaitForHSEStartUp                    0x080018d3   Thumb Code    56  stm32f10x_rcc.o(.text)
    RCC_AdjustHSICalibrationValue            0x0800190b   Thumb Code    20  stm32f10x_rcc.o(.text)
    RCC_HSICmd                               0x0800191f   Thumb Code     6  stm32f10x_rcc.o(.text)
    RCC_PLLConfig                            0x08001925   Thumb Code    24  stm32f10x_rcc.o(.text)
    RCC_PLLCmd                               0x0800193d   Thumb Code     6  stm32f10x_rcc.o(.text)
    RCC_SYSCLKConfig                         0x08001943   Thumb Code    18  stm32f10x_rcc.o(.text)
    RCC_GetSYSCLKSource                      0x08001955   Thumb Code    10  stm32f10x_rcc.o(.text)
    RCC_HCLKConfig                           0x0800195f   Thumb Code    18  stm32f10x_rcc.o(.text)
    RCC_PCLK1Config                          0x08001971   Thumb Code    18  stm32f10x_rcc.o(.text)
    RCC_PCLK2Config                          0x08001983   Thumb Code    20  stm32f10x_rcc.o(.text)
    RCC_ITConfig                             0x08001997   Thumb Code    26  stm32f10x_rcc.o(.text)
    RCC_USBCLKConfig                         0x080019b1   Thumb Code     8  stm32f10x_rcc.o(.text)
    RCC_ADCCLKConfig                         0x080019b9   Thumb Code    18  stm32f10x_rcc.o(.text)
    RCC_LSEConfig                            0x080019cb   Thumb Code    50  stm32f10x_rcc.o(.text)
    RCC_LSICmd                               0x080019fd   Thumb Code     6  stm32f10x_rcc.o(.text)
    RCC_RTCCLKConfig                         0x08001a03   Thumb Code    12  stm32f10x_rcc.o(.text)
    RCC_RTCCLKCmd                            0x08001a0f   Thumb Code     8  stm32f10x_rcc.o(.text)
    RCC_GetClocksFreq                        0x08001a17   Thumb Code   192  stm32f10x_rcc.o(.text)
    RCC_AHBPeriphClockCmd                    0x08001ad7   Thumb Code    26  stm32f10x_rcc.o(.text)
    RCC_APB2PeriphClockCmd                   0x08001af1   Thumb Code    26  stm32f10x_rcc.o(.text)
    RCC_APB1PeriphClockCmd                   0x08001b0b   Thumb Code    26  stm32f10x_rcc.o(.text)
    RCC_APB2PeriphResetCmd                   0x08001b25   Thumb Code    26  stm32f10x_rcc.o(.text)
    RCC_APB1PeriphResetCmd                   0x08001b3f   Thumb Code    26  stm32f10x_rcc.o(.text)
    RCC_BackupResetCmd                       0x08001b59   Thumb Code     8  stm32f10x_rcc.o(.text)
    RCC_ClockSecuritySystemCmd               0x08001b61   Thumb Code     6  stm32f10x_rcc.o(.text)
    RCC_MCOConfig                            0x08001b67   Thumb Code     6  stm32f10x_rcc.o(.text)
    RCC_ClearFlag                            0x08001b6d   Thumb Code    14  stm32f10x_rcc.o(.text)
    RCC_GetITStatus                          0x08001b7b   Thumb Code    20  stm32f10x_rcc.o(.text)
    RCC_ClearITPendingBit                    0x08001b8f   Thumb Code     6  stm32f10x_rcc.o(.text)
    SDIO_DeInit                              0x08001bb9   Thumb Code    28  stm32f10x_sdio.o(.text)
    SDIO_Init                                0x08001bd5   Thumb Code    42  stm32f10x_sdio.o(.text)
    SDIO_StructInit                          0x08001bff   Thumb Code    16  stm32f10x_sdio.o(.text)
    SDIO_ClockCmd                            0x08001c0f   Thumb Code     6  stm32f10x_sdio.o(.text)
    SDIO_SetPowerState                       0x08001c15   Thumb Code    22  stm32f10x_sdio.o(.text)
    SDIO_GetPowerState                       0x08001c2b   Thumb Code    10  stm32f10x_sdio.o(.text)
    SDIO_ITConfig                            0x08001c35   Thumb Code    26  stm32f10x_sdio.o(.text)
    SDIO_DMACmd                              0x08001c4f   Thumb Code     6  stm32f10x_sdio.o(.text)
    SDIO_SendCommand                         0x08001c55   Thumb Code    38  stm32f10x_sdio.o(.text)
    SDIO_CmdStructInit                       0x08001c7b   Thumb Code    14  stm32f10x_sdio.o(.text)
    SDIO_GetCommandResponse                  0x08001c89   Thumb Code     8  stm32f10x_sdio.o(.text)
    SDIO_GetResponse                         0x08001c91   Thumb Code    22  stm32f10x_sdio.o(.text)
    SDIO_DataConfig                          0x08001ca7   Thumb Code    42  stm32f10x_sdio.o(.text)
    SDIO_DataStructInit                      0x08001cd1   Thumb Code    20  stm32f10x_sdio.o(.text)
    SDIO_GetDataCounter                      0x08001ce5   Thumb Code     6  stm32f10x_sdio.o(.text)
    SDIO_ReadData                            0x08001ceb   Thumb Code     8  stm32f10x_sdio.o(.text)
    SDIO_WriteData                           0x08001cf3   Thumb Code     8  stm32f10x_sdio.o(.text)
    SDIO_GetFIFOCount                        0x08001cfb   Thumb Code     6  stm32f10x_sdio.o(.text)
    SDIO_StartSDIOReadWait                   0x08001d01   Thumb Code     8  stm32f10x_sdio.o(.text)
    SDIO_StopSDIOReadWait                    0x08001d09   Thumb Code     8  stm32f10x_sdio.o(.text)
    SDIO_SetSDIOReadWaitMode                 0x08001d11   Thumb Code     8  stm32f10x_sdio.o(.text)
    SDIO_SetSDIOOperation                    0x08001d19   Thumb Code     8  stm32f10x_sdio.o(.text)
    SDIO_SendSDIOSuspendCmd                  0x08001d21   Thumb Code     6  stm32f10x_sdio.o(.text)
    SDIO_CommandCompletionCmd                0x08001d27   Thumb Code     8  stm32f10x_sdio.o(.text)
    SDIO_CEATAITCmd                          0x08001d2f   Thumb Code    12  stm32f10x_sdio.o(.text)
    SDIO_SendCEATACmd                        0x08001d3b   Thumb Code     8  stm32f10x_sdio.o(.text)
    SDIO_GetFlagStatus                       0x08001d43   Thumb Code    20  stm32f10x_sdio.o(.text)
    SDIO_ClearFlag                           0x08001d57   Thumb Code     6  stm32f10x_sdio.o(.text)
    SDIO_GetITStatus                         0x08001d5d   Thumb Code    20  stm32f10x_sdio.o(.text)
    SDIO_ClearITPendingBit                   0x08001d71   Thumb Code     6  stm32f10x_sdio.o(.text)
    TIM_DeInit                               0x08001d8d   Thumb Code   424  stm32f10x_tim.o(.text)
    TIM_TimeBaseInit                         0x08001f35   Thumb Code   122  stm32f10x_tim.o(.text)
    TIM_OC1Init                              0x08001faf   Thumb Code   132  stm32f10x_tim.o(.text)
    TIM_OC2Init                              0x08002033   Thumb Code   154  stm32f10x_tim.o(.text)
    TIM_OC3Init                              0x080020cd   Thumb Code   150  stm32f10x_tim.o(.text)
    TIM_OC4Init                              0x08002163   Thumb Code   182  stm32f10x_tim.o(.text)
    TIM_SetIC4Prescaler                      0x08002219   Thumb Code    26  stm32f10x_tim.o(.text)
    TIM_SetIC3Prescaler                      0x080022b5   Thumb Code    18  stm32f10x_tim.o(.text)
    TIM_SetIC2Prescaler                      0x08002341   Thumb Code    26  stm32f10x_tim.o(.text)
    TIM_SetIC1Prescaler                      0x080023dd   Thumb Code    18  stm32f10x_tim.o(.text)
    TIM_ICInit                               0x0800245b   Thumb Code   150  stm32f10x_tim.o(.text)
    TIM_PWMIConfig                           0x080024f1   Thumb Code   124  stm32f10x_tim.o(.text)
    TIM_BDTRConfig                           0x0800256d   Thumb Code    32  stm32f10x_tim.o(.text)
    TIM_TimeBaseStructInit                   0x0800258d   Thumb Code    18  stm32f10x_tim.o(.text)
    TIM_OCStructInit                         0x0800259f   Thumb Code    20  stm32f10x_tim.o(.text)
    TIM_ICStructInit                         0x080025b3   Thumb Code    18  stm32f10x_tim.o(.text)
    TIM_BDTRStructInit                       0x080025c5   Thumb Code    40  stm32f10x_tim.o(.text)
    TIM_Cmd                                  0x080025ed   Thumb Code    24  stm32f10x_tim.o(.text)
    TIM_CtrlPWMOutputs                       0x08002605   Thumb Code    30  stm32f10x_tim.o(.text)
    TIM_ITConfig                             0x08002623   Thumb Code    18  stm32f10x_tim.o(.text)
    TIM_GenerateEvent                        0x08002635   Thumb Code     4  stm32f10x_tim.o(.text)
    TIM_DMAConfig                            0x08002639   Thumb Code    10  stm32f10x_tim.o(.text)
    TIM_DMACmd                               0x08002643   Thumb Code    18  stm32f10x_tim.o(.text)
    TIM_InternalClockConfig                  0x08002655   Thumb Code    12  stm32f10x_tim.o(.text)
    TIM_SelectInputTrigger                   0x08002661   Thumb Code    18  stm32f10x_tim.o(.text)
    TIM_ITRxExternalClockConfig              0x08002673   Thumb Code    24  stm32f10x_tim.o(.text)
    TIM_TIxExternalClockConfig               0x0800268b   Thumb Code    62  stm32f10x_tim.o(.text)
    TIM_ETRConfig                            0x080026c9   Thumb Code    28  stm32f10x_tim.o(.text)
    TIM_ETRClockMode1Config                  0x080026e5   Thumb Code    54  stm32f10x_tim.o(.text)
    TIM_ETRClockMode2Config                  0x0800271b   Thumb Code    32  stm32f10x_tim.o(.text)
    TIM_PrescalerConfig                      0x0800273b   Thumb Code     6  stm32f10x_tim.o(.text)
    TIM_CounterModeConfig                    0x08002741   Thumb Code    18  stm32f10x_tim.o(.text)
    TIM_EncoderInterfaceConfig               0x08002753   Thumb Code    66  stm32f10x_tim.o(.text)
    TIM_ForcedOC1Config                      0x08002795   Thumb Code    18  stm32f10x_tim.o(.text)
    TIM_ForcedOC2Config                      0x080027a7   Thumb Code    26  stm32f10x_tim.o(.text)
    TIM_ForcedOC3Config                      0x080027c1   Thumb Code    18  stm32f10x_tim.o(.text)
    TIM_ForcedOC4Config                      0x080027d3   Thumb Code    26  stm32f10x_tim.o(.text)
    TIM_ARRPreloadConfig                     0x080027ed   Thumb Code    24  stm32f10x_tim.o(.text)
    TIM_SelectCOM                            0x08002805   Thumb Code    24  stm32f10x_tim.o(.text)
    TIM_SelectCCDMA                          0x0800281d   Thumb Code    24  stm32f10x_tim.o(.text)
    TIM_CCPreloadControl                     0x08002835   Thumb Code    24  stm32f10x_tim.o(.text)
    TIM_OC1PreloadConfig                     0x0800284d   Thumb Code    18  stm32f10x_tim.o(.text)
    TIM_OC2PreloadConfig                     0x0800285f   Thumb Code    26  stm32f10x_tim.o(.text)
    TIM_OC3PreloadConfig                     0x08002879   Thumb Code    18  stm32f10x_tim.o(.text)
    TIM_OC4PreloadConfig                     0x0800288b   Thumb Code    26  stm32f10x_tim.o(.text)
    TIM_OC1FastConfig                        0x080028a5   Thumb Code    18  stm32f10x_tim.o(.text)
    TIM_OC2FastConfig                        0x080028b7   Thumb Code    26  stm32f10x_tim.o(.text)
    TIM_OC3FastConfig                        0x080028d1   Thumb Code    18  stm32f10x_tim.o(.text)
    TIM_OC4FastConfig                        0x080028e3   Thumb Code    26  stm32f10x_tim.o(.text)
    TIM_ClearOC1Ref                          0x080028fd   Thumb Code    18  stm32f10x_tim.o(.text)
    TIM_ClearOC2Ref                          0x0800290f   Thumb Code    24  stm32f10x_tim.o(.text)
    TIM_ClearOC3Ref                          0x08002927   Thumb Code    18  stm32f10x_tim.o(.text)
    TIM_ClearOC4Ref                          0x08002939   Thumb Code    24  stm32f10x_tim.o(.text)
    TIM_OC1PolarityConfig                    0x08002951   Thumb Code    18  stm32f10x_tim.o(.text)
    TIM_OC1NPolarityConfig                   0x08002963   Thumb Code    18  stm32f10x_tim.o(.text)
    TIM_OC2PolarityConfig                    0x08002975   Thumb Code    26  stm32f10x_tim.o(.text)
    TIM_OC2NPolarityConfig                   0x0800298f   Thumb Code    26  stm32f10x_tim.o(.text)
    TIM_OC3PolarityConfig                    0x080029a9   Thumb Code    26  stm32f10x_tim.o(.text)
    TIM_OC3NPolarityConfig                   0x080029c3   Thumb Code    26  stm32f10x_tim.o(.text)
    TIM_OC4PolarityConfig                    0x080029dd   Thumb Code    26  stm32f10x_tim.o(.text)
    TIM_CCxCmd                               0x080029f7   Thumb Code    30  stm32f10x_tim.o(.text)
    TIM_CCxNCmd                              0x08002a15   Thumb Code    30  stm32f10x_tim.o(.text)
    TIM_SelectOCxM                           0x08002a33   Thumb Code    82  stm32f10x_tim.o(.text)
    TIM_UpdateDisableConfig                  0x08002a85   Thumb Code    24  stm32f10x_tim.o(.text)
    TIM_UpdateRequestConfig                  0x08002a9d   Thumb Code    24  stm32f10x_tim.o(.text)
    TIM_SelectHallSensor                     0x08002ab5   Thumb Code    24  stm32f10x_tim.o(.text)
    TIM_SelectOnePulseMode                   0x08002acd   Thumb Code    18  stm32f10x_tim.o(.text)
    TIM_SelectOutputTrigger                  0x08002adf   Thumb Code    18  stm32f10x_tim.o(.text)
    TIM_SelectSlaveMode                      0x08002af1   Thumb Code    18  stm32f10x_tim.o(.text)
    TIM_SelectMasterSlaveMode                0x08002b03   Thumb Code    18  stm32f10x_tim.o(.text)
    TIM_SetCounter                           0x08002b15   Thumb Code     4  stm32f10x_tim.o(.text)
    TIM_SetAutoreload                        0x08002b19   Thumb Code     4  stm32f10x_tim.o(.text)
    TIM_SetCompare1                          0x08002b1d   Thumb Code     4  stm32f10x_tim.o(.text)
    TIM_SetCompare2                          0x08002b21   Thumb Code     4  stm32f10x_tim.o(.text)
    TIM_SetCompare3                          0x08002b25   Thumb Code     4  stm32f10x_tim.o(.text)
    TIM_SetCompare4                          0x08002b29   Thumb Code     6  stm32f10x_tim.o(.text)
    TIM_SetClockDivision                     0x08002b2f   Thumb Code    18  stm32f10x_tim.o(.text)
    TIM_GetCapture1                          0x08002b41   Thumb Code     6  stm32f10x_tim.o(.text)
    TIM_GetCapture2                          0x08002b47   Thumb Code     6  stm32f10x_tim.o(.text)
    TIM_GetCapture3                          0x08002b4d   Thumb Code     6  stm32f10x_tim.o(.text)
    TIM_GetCapture4                          0x08002b53   Thumb Code     8  stm32f10x_tim.o(.text)
    TIM_GetCounter                           0x08002b5b   Thumb Code     6  stm32f10x_tim.o(.text)
    TIM_GetPrescaler                         0x08002b61   Thumb Code     6  stm32f10x_tim.o(.text)
    TIM_GetFlagStatus                        0x08002b67   Thumb Code    18  stm32f10x_tim.o(.text)
    TIM_ClearFlag                            0x08002b79   Thumb Code     6  stm32f10x_tim.o(.text)
    TIM_GetITStatus                          0x08002b7f   Thumb Code    34  stm32f10x_tim.o(.text)
    TIM_ClearITPendingBit                    0x08002ba1   Thumb Code     6  stm32f10x_tim.o(.text)
    USART_DeInit                             0x08002ba9   Thumb Code   134  stm32f10x_usart.o(.text)
    USART_Init                               0x08002c2f   Thumb Code   210  stm32f10x_usart.o(.text)
    USART_StructInit                         0x08002d01   Thumb Code    24  stm32f10x_usart.o(.text)
    USART_ClockInit                          0x08002d19   Thumb Code    34  stm32f10x_usart.o(.text)
    USART_ClockStructInit                    0x08002d3b   Thumb Code    12  stm32f10x_usart.o(.text)
    USART_Cmd                                0x08002d47   Thumb Code    24  stm32f10x_usart.o(.text)
    USART_ITConfig                           0x08002d5f   Thumb Code    74  stm32f10x_usart.o(.text)
    USART_DMACmd                             0x08002da9   Thumb Code    18  stm32f10x_usart.o(.text)
    USART_SetAddress                         0x08002dbb   Thumb Code    18  stm32f10x_usart.o(.text)
    USART_WakeUpConfig                       0x08002dcd   Thumb Code    18  stm32f10x_usart.o(.text)
    USART_ReceiverWakeUpCmd                  0x08002ddf   Thumb Code    24  stm32f10x_usart.o(.text)
    USART_LINBreakDetectLengthConfig         0x08002df7   Thumb Code    18  stm32f10x_usart.o(.text)
    USART_LINCmd                             0x08002e09   Thumb Code    24  stm32f10x_usart.o(.text)
    USART_SendData                           0x08002e21   Thumb Code     8  stm32f10x_usart.o(.text)
    USART_ReceiveData                        0x08002e29   Thumb Code    10  stm32f10x_usart.o(.text)
    USART_SendBreak                          0x08002e33   Thumb Code    10  stm32f10x_usart.o(.text)
    USART_SetGuardTime                       0x08002e3d   Thumb Code    16  stm32f10x_usart.o(.text)
    USART_SetPrescaler                       0x08002e4d   Thumb Code    16  stm32f10x_usart.o(.text)
    USART_SmartCardCmd                       0x08002e5d   Thumb Code    24  stm32f10x_usart.o(.text)
    USART_SmartCardNACKCmd                   0x08002e75   Thumb Code    24  stm32f10x_usart.o(.text)
    USART_HalfDuplexCmd                      0x08002e8d   Thumb Code    24  stm32f10x_usart.o(.text)
    USART_OverSampling8Cmd                   0x08002ea5   Thumb Code    22  stm32f10x_usart.o(.text)
    USART_OneBitMethodCmd                    0x08002ebb   Thumb Code    24  stm32f10x_usart.o(.text)
    USART_IrDAConfig                         0x08002ed3   Thumb Code    18  stm32f10x_usart.o(.text)
    USART_IrDACmd                            0x08002ee5   Thumb Code    24  stm32f10x_usart.o(.text)
    USART_GetFlagStatus                      0x08002efd   Thumb Code    26  stm32f10x_usart.o(.text)
    USART_ClearFlag                          0x08002f17   Thumb Code    18  stm32f10x_usart.o(.text)
    USART_GetITStatus                        0x08002f29   Thumb Code    84  stm32f10x_usart.o(.text)
    USART_ClearITPendingBit                  0x08002f7d   Thumb Code    52  stm32f10x_usart.o(.text)
    main                                     0x08002fc3   Thumb Code   738  main.o(.text)
    NMI_Handler                              0x08003377   Thumb Code     2  stm32f10x_it.o(.text)
    HardFault_Handler                        0x08003379   Thumb Code     4  stm32f10x_it.o(.text)
    MemManage_Handler                        0x0800337d   Thumb Code     4  stm32f10x_it.o(.text)
    BusFault_Handler                         0x08003381   Thumb Code     4  stm32f10x_it.o(.text)
    UsageFault_Handler                       0x08003385   Thumb Code     4  stm32f10x_it.o(.text)
    SVC_Handler                              0x08003389   Thumb Code     2  stm32f10x_it.o(.text)
    DebugMon_Handler                         0x0800338b   Thumb Code     2  stm32f10x_it.o(.text)
    PendSV_Handler                           0x0800338d   Thumb Code     2  stm32f10x_it.o(.text)
    SysTick_Handler                          0x0800338f   Thumb Code     8  stm32f10x_it.o(.text)
    SDIO_IRQHandler                          0x08003397   Thumb Code     8  stm32f10x_it.o(.text)
    TIM6_IRQHandler                          0x0800339f   Thumb Code    72  stm32f10x_it.o(.text)
    USB_LP_CAN1_RX0_IRQHandler               0x080033e7   Thumb Code    52  stm32f10x_it.o(.text)
    USART2_IRQHandler                        0x0800341b   Thumb Code     8  stm32f10x_it.o(.text)
    LED_GPIO_Config                          0x08003449   Thumb Code    90  bsp_led.o(.text)
    USART_Config                             0x080034a9   Thumb Code   120  bsp_usart.o(.text)
    fputc                                    0x08003521   Thumb Code    32  bsp_usart.o(.text)
    fgetc                                    0x08003541   Thumb Code    26  bsp_usart.o(.text)
    SD_DeInit                                0x08003565   Thumb Code    66  bsp_sdio_sdcard.o(.text)
    SD_EnableWideBusOperation                0x080039b5   Thumb Code   140  bsp_sdio_sdcard.o(.text)
    SD_SelectDeselect                        0x08003a41   Thumb Code    48  bsp_sdio_sdcard.o(.text)
    SD_GetCardInfo                           0x08003a71   Thumb Code   700  bsp_sdio_sdcard.o(.text)
    SD_InitializeCards                       0x08003e29   Thumb Code   294  bsp_sdio_sdcard.o(.text)
    SD_PowerON                               0x08003ff7   Thumb Code   374  bsp_sdio_sdcard.o(.text)
    SD_Init                                  0x0800416d   Thumb Code   106  bsp_sdio_sdcard.o(.text)
    SD_SendStatus                            0x080041d7   Thumb Code    46  bsp_sdio_sdcard.o(.text)
    SD_GetState                              0x08004205   Thumb Code    64  bsp_sdio_sdcard.o(.text)
    SD_GetStatus                             0x08004245   Thumb Code    30  bsp_sdio_sdcard.o(.text)
    SD_PowerOFF                              0x08004263   Thumb Code    14  bsp_sdio_sdcard.o(.text)
    SD_SendSDStatus                          0x08004271   Thumb Code   360  bsp_sdio_sdcard.o(.text)
    SD_GetCardStatus                         0x080043d9   Thumb Code   156  bsp_sdio_sdcard.o(.text)
    SD_ReadBlock                             0x08004475   Thumb Code   192  bsp_sdio_sdcard.o(.text)
    SD_ReadMultiBlocks                       0x08004535   Thumb Code   202  bsp_sdio_sdcard.o(.text)
    SD_WaitReadOperation                     0x080045ff   Thumb Code    42  bsp_sdio_sdcard.o(.text)
    SD_WriteBlock                            0x08004629   Thumb Code   226  bsp_sdio_sdcard.o(.text)
    SD_WriteMultiBlocks                      0x0800470b   Thumb Code   294  bsp_sdio_sdcard.o(.text)
    SD_WaitWriteOperation                    0x08004831   Thumb Code    50  bsp_sdio_sdcard.o(.text)
    SD_GetTransferState                      0x08004863   Thumb Code    18  bsp_sdio_sdcard.o(.text)
    SD_StopTransfer                          0x08004875   Thumb Code    28  bsp_sdio_sdcard.o(.text)
    SD_Erase                                 0x08004a1d   Thumb Code   336  bsp_sdio_sdcard.o(.text)
    SD_ProcessIRQSrc                         0x08004b6d   Thumb Code    70  bsp_sdio_sdcard.o(.text)
    convert_from_bytes_to_power_of_two       0x08004bb3   Thumb Code    18  bsp_sdio_sdcard.o(.text)
    CAN_Config                               0x08004cfd   Thumb Code    20  bsp_can.o(.text)
    Init_RxMes                               0x08004d11   Thumb Code    36  bsp_can.o(.text)
    CAN_SetMsg                               0x08004d35   Thumb Code    44  bsp_can.o(.text)
    ADCx_Init                                0x08004e87   Thumb Code    12  bsp_adc.o(.text)
    BASIC_TIM_Init                           0x08004f0b   Thumb Code    12  bsp_timbase.o(.text)
    SysTick_Init                             0x08004f69   Thumb Code    26  bsp_systick.o(.text)
    Delay_us                                 0x08004f83   Thumb Code    36  bsp_systick.o(.text)
    TimingDelay_Decrement                    0x08004fa7   Thumb Code    18  bsp_systick.o(.text)
    SysTick_Delay_Us                         0x08004fb9   Thumb Code    64  bsp_systick.o(.text)
    SysTick_Delay_Ms                         0x08004ff9   Thumb Code    66  bsp_systick.o(.text)
    SDCard_Init                              0x08005055   Thumb Code    74  handlingdata.o(.text)
    logdata                                  0x0800509f   Thumb Code   274  handlingdata.o(.text)
    Save2SD                                  0x080051b1   Thumb Code   108  handlingdata.o(.text)
    Key_GPIO_Config                          0x0800526d   Thumb Code    54  bsp_key.o(.text)
    Key_Scan                                 0x080052a3   Thumb Code    40  bsp_key.o(.text)
    RS485_Config                             0x0800530d   Thumb Code   166  bsp_485.o(.text)
    RS485_SendByte                           0x080053b3   Thumb Code    28  bsp_485.o(.text)
    RS485_SendStr_length                     0x080053e1   Thumb Code    80  bsp_485.o(.text)
    RS485_SendString                         0x08005431   Thumb Code    80  bsp_485.o(.text)
    bsp_RS485_IRQHandler                     0x08005481   Thumb Code    72  bsp_485.o(.text)
    get_rebuff                               0x080054c9   Thumb Code    12  bsp_485.o(.text)
    clean_rebuff                             0x080054d5   Thumb Code    30  bsp_485.o(.text)
    motor_ctl                                0x080054f3   Thumb Code   284  bsp_485.o(.text)
    disk_status                              0x08005641   Thumb Code    28  diskio.o(.text)
    disk_initialize                          0x0800565d   Thumb Code    42  diskio.o(.text)
    disk_read                                0x08005687   Thumb Code   174  diskio.o(.text)
    disk_write                               0x08005735   Thumb Code   180  diskio.o(.text)
    disk_ioctl                               0x080057e9   Thumb Code    78  diskio.o(.text)
    get_fattime                              0x08005837   Thumb Code     4  diskio.o(.text)
    clust2sect                               0x080059fb   Thumb Code    26  ff.o(.text)
    get_fat                                  0x08005a15   Thumb Code   318  ff.o(.text)
    put_fat                                  0x08005b53   Thumb Code   392  ff.o(.text)
    f_mount                                  0x08006f55   Thumb Code    86  ff.o(.text)
    f_open                                   0x08006fab   Thumb Code   382  ff.o(.text)
    f_read                                   0x08007129   Thumb Code   480  ff.o(.text)
    f_write                                  0x08007309   Thumb Code   524  ff.o(.text)
    f_sync                                   0x08007515   Thumb Code   176  ff.o(.text)
    f_close                                  0x080075c5   Thumb Code    32  ff.o(.text)
    f_lseek                                  0x080075e5   Thumb Code   410  ff.o(.text)
    f_opendir                                0x0800777f   Thumb Code   118  ff.o(.text)
    f_closedir                               0x080077f5   Thumb Code    22  ff.o(.text)
    f_readdir                                0x0800780b   Thumb Code   100  ff.o(.text)
    f_stat                                   0x0800786f   Thumb Code    68  ff.o(.text)
    f_getfree                                0x080078b3   Thumb Code   258  ff.o(.text)
    f_truncate                               0x080079b5   Thumb Code   184  ff.o(.text)
    f_unlink                                 0x08007a6d   Thumb Code   174  ff.o(.text)
    f_mkdir                                  0x08007b1b   Thumb Code   358  ff.o(.text)
    f_chmod                                  0x08007c81   Thumb Code    92  ff.o(.text)
    f_rename                                 0x08007cdd   Thumb Code   266  ff.o(.text)
    f_utime                                  0x08007de7   Thumb Code    94  ff.o(.text)
    f_mkfs                                   0x08007e45   Thumb Code  1622  ff.o(.text)
    f_gets                                   0x0800849b   Thumb Code    82  ff.o(.text)
    f_putc                                   0x08008531   Thumb Code    64  ff.o(.text)
    f_puts                                   0x08008571   Thumb Code    74  ff.o(.text)
    f_printf                                 0x080085bb   Thumb Code   674  ff.o(.text)
    ff_convert                               0x0800885d   Thumb Code   116  cc936.o(.text)
    ff_wtoupper                              0x080088d1   Thumb Code    84  cc936.o(.text)
    __aeabi_memcpy                           0x08008935   Thumb Code    36  memcpya.o(.text)
    __aeabi_memcpy4                          0x08008935   Thumb Code     0  memcpya.o(.text)
    __aeabi_memcpy8                          0x08008935   Thumb Code     0  memcpya.o(.text)
    __aeabi_fmul                             0x08008959   Thumb Code   100  fmul.o(.text)
    __aeabi_fdiv                             0x080089bd   Thumb Code   124  fdiv.o(.text)
    __aeabi_dadd                             0x08008a39   Thumb Code   322  dadd.o(.text)
    __aeabi_dsub                             0x08008b7b   Thumb Code     6  dadd.o(.text)
    __aeabi_drsub                            0x08008b81   Thumb Code     6  dadd.o(.text)
    __aeabi_dmul                             0x08008b87   Thumb Code   228  dmul.o(.text)
    __aeabi_ddiv                             0x08008c6b   Thumb Code   222  ddiv.o(.text)
    __aeabi_ui2f                             0x08008d49   Thumb Code    10  ffltui.o(.text)
    __aeabi_ui2d                             0x08008d53   Thumb Code    26  dfltui.o(.text)
    __aeabi_d2uiz                            0x08008d6d   Thumb Code    50  dfixui.o(.text)
    __aeabi_f2d                              0x08008d9f   Thumb Code    38  f2d.o(.text)
    __aeabi_cdcmpeq                          0x08008dc5   Thumb Code     0  cdcmple.o(.text)
    __aeabi_cdcmple                          0x08008dc5   Thumb Code    48  cdcmple.o(.text)
    __aeabi_cdrcmple                         0x08008df5   Thumb Code    48  cdrcmple.o(.text)
    __aeabi_uidiv                            0x08008e25   Thumb Code     0  uidiv.o(.text)
    __aeabi_uidivmod                         0x08008e25   Thumb Code    44  uidiv.o(.text)
    __aeabi_llsl                             0x08008e51   Thumb Code    30  llshl.o(.text)
    _ll_shift_l                              0x08008e51   Thumb Code     0  llshl.o(.text)
    __aeabi_llsr                             0x08008e6f   Thumb Code    32  llushr.o(.text)
    _ll_ushift_r                             0x08008e6f   Thumb Code     0  llushr.o(.text)
    __aeabi_lasr                             0x08008e8f   Thumb Code    36  llsshr.o(.text)
    _ll_sshift_r                             0x08008e8f   Thumb Code     0  llsshr.o(.text)
    __I$use$fp                               0x08008eb3   Thumb Code     0  iusefp.o(.text)
    _float_round                             0x08008eb3   Thumb Code    18  fepilogue.o(.text)
    _float_epilogue                          0x08008ec5   Thumb Code    92  fepilogue.o(.text)
    _double_round                            0x08008f21   Thumb Code    30  depilogue.o(.text)
    _double_epilogue                         0x08008f3f   Thumb Code   156  depilogue.o(.text)
    __scatterload                            0x08008fdd   Thumb Code    28  init.o(.text)
    __scatterload_rt2                        0x08008fdd   Thumb Code     0  init.o(.text)
    __ARM_scalbn                             0x08009001   Thumb Code    46  dscalb.o(.text)
    scalbn                                   0x08009001   Thumb Code     0  dscalb.o(.text)
    __aeabi_i2d                              0x0800902f   Thumb Code    34  dflti.o(.text)
    __aeabi_d2iz                             0x08009051   Thumb Code    62  dfixi.o(.text)
    __0printf$1                              0x08009091   Thumb Code    22  printf1.o(i.__0printf$1)
    __1printf$1                              0x08009091   Thumb Code     0  printf1.o(i.__0printf$1)
    __2printf                                0x08009091   Thumb Code     0  printf1.o(i.__0printf$1)
    __ARM_fpclassify                         0x080090b1   Thumb Code    40  fpclassify.o(i.__ARM_fpclassify)
    __ieee754_rem_pio2                       0x080090d9   Thumb Code   828  rred.o(i.__ieee754_rem_pio2)
    __kernel_cos                             0x08009461   Thumb Code   230  cos_i.o(i.__kernel_cos)
    __kernel_poly                            0x0800955d   Thumb Code   170  poly.o(i.__kernel_poly)
    __kernel_sin                             0x08009609   Thumb Code   224  sin_i.o(i.__kernel_sin)
    __mathlib_dbl_infnan                     0x080096f5   Thumb Code     6  dunder.o(i.__mathlib_dbl_infnan)
    __mathlib_dbl_invalid                    0x080096fb   Thumb Code    12  dunder.o(i.__mathlib_dbl_invalid)
    __mathlib_dbl_underflow                  0x08009709   Thumb Code    10  dunder.o(i.__mathlib_dbl_underflow)
    __scatterload_copy                       0x08009719   Thumb Code    14  handlers.o(i.__scatterload_copy)
    __scatterload_null                       0x08009727   Thumb Code     2  handlers.o(i.__scatterload_null)
    __scatterload_zeroinit                   0x08009729   Thumb Code    14  handlers.o(i.__scatterload_zeroinit)
    __set_errno                              0x08009739   Thumb Code     6  errno.o(i.__set_errno)
    sin                                      0x08009899   Thumb Code   150  sin.o(i.sin)
    Region$$Table$$Base                      0x08034b58   Number         0  anon$$obj.o(Region$$Table)
    Region$$Table$$Limit                     0x08034b78   Number         0  anon$$obj.o(Region$$Table)
    SystemCoreClock                          0x20000000   Data           4  system_stm32f10x.o(.data)
    AHBPrescTable                            0x20000004   Data          16  system_stm32f10x.o(.data)
    fre                                      0x20000028   Data          27  main.o(.data)
    NumT                                     0x20000043   Data          27  main.o(.data)
    A                                        0x20000060   Data           8  main.o(.data)
    fy_mid                                   0x20000068   Data           2  main.o(.data)
    senddata                                 0x2000006a   Data           2  main.o(.data)
    TemData                                  0x2000006c   Data           4  main.o(.data)
    TimeStart                                0x20000070   Data           4  main.o(.data)
    Rx_Data_ceshi                            0x20000074   Data           2  main.o(.data)
    fy_GoalPosl                              0x20000076   Data           2  main.o(.data)
    ph_GoalPosl                              0x20000078   Data           2  main.o(.data)
    WritePos                                 0x2000007a   Data          10  main.o(.data)
    fy_RxData                                0x20000084   Data           2  main.o(.data)
    ph_RxData                                0x20000086   Data           2  main.o(.data)
    Pos                                      0x20000088   Data           2  main.o(.data)
    running                                  0x2000008a   Data           1  main.o(.data)
    Rx_set                                   0x2000008b   Data           2  main.o(.data)
    Rx_real                                  0x2000008d   Data           2  main.o(.data)
    StartFlag                                0x2000008f   Data           1  main.o(.data)
    SaveFlag                                 0x20000090   Data           1  main.o(.data)
    SendFlag                                 0x20000091   Data           1  main.o(.data)
    k                                        0x20000092   Data           2  main.o(.data)
    Key2_Flag                                0x20000094   Data           1  main.o(.data)
    flag                                     0x20000098   Data           4  main.o(.data)
    TxData                                   0x2000009c   Data           2  main.o(.data)
    mailbox_can                              0x2000009e   Data           1  main.o(.data)
    timeflag                                 0x2000009f   Data           1  main.o(.data)
    time                                     0x200000a0   Data           4  main.o(.data)
    time_pause                               0x200000a4   Data           4  main.o(.data)
    A_turn                                   0x200000a8   Data           1  main.o(.data)
    t1                                       0x200000ac   Data           4  main.o(.data)
    t2                                       0x200000b0   Data           4  main.o(.data)
    StopCondition                            0x200000bc   Data           4  bsp_sdio_sdcard.o(.data)
    TransferError                            0x200000c0   Data           1  bsp_sdio_sdcard.o(.data)
    TransferEnd                              0x200000c4   Data           4  bsp_sdio_sdcard.o(.data)
    ADC_ConvertedValue                       0x200000c8   Data           6  bsp_adc.o(.data)
    name                                     0x200000d4   Data          10  handlingdata.o(.data)
    last_turn                                0x200000de   Data           1  handlingdata.o(.data)
    data_size                                0x200000df   Data           1  handlingdata.o(.data)
    fn                                       0x200000e0   Data           4  handlingdata.o(.data)
    res_sd                                   0x200000e4   Data           1  handlingdata.o(.data)
    fnum                                     0x200000e8   Data           4  handlingdata.o(.data)
    WriteBuffer                              0x200000ec   Data           1  handlingdata.o(.data)
    WriteFlag                                0x200000ed   Data           1  handlingdata.o(.data)
    uart_p                                   0x200000ee   Data           2  bsp_485.o(.data)
    __stdout                                 0x200000fc   Data           4  stdout.o(.data)
    TxMessage                                0x20000104   Data          20  main.o(.bss)
    RxMessage                                0x20000118   Data          20  main.o(.bss)
    SDCardInfo                               0x2000015c   Data          80  bsp_sdio_sdcard.o(.bss)
    SDIO_InitStructure                       0x200001ac   Data          24  bsp_sdio_sdcard.o(.bss)
    SDIO_CmdInitStructure                    0x200001c4   Data          20  bsp_sdio_sdcard.o(.bss)
    SDIO_DataInitStructure                   0x200001d8   Data          24  bsp_sdio_sdcard.o(.bss)
    buffer                                   0x200001f0   Data        1012  handlingdata.o(.bss)
    fs                                       0x200005e4   Data        4144  handlingdata.o(.bss)
    fnew                                     0x20001614   Data        4132  handlingdata.o(.bss)
    ReadBuffer                               0x20002638   Data         256  handlingdata.o(.bss)
    uart_buff                                0x20002738   Data        1024  bsp_485.o(.bss)
    __initial_sp                             0x20002f38   Data           0  startup_stm32f10x_hd.o(STACK)



==============================================================================

Memory Map of the image

  Image Entry point : 0x08000131

  Load Region LR_IROM1 (Base: 0x08000000, Size: 0x00034c7c, Max: 0x00080000, ABSOLUTE)

    Execution Region ER_IROM1 (Base: 0x08000000, Size: 0x00034b78, Max: 0x00080000, ABSOLUTE)

    Base Addr    Size         Type   Attr      Idx    E Section Name        Object

    0x08000000   0x00000130   Data   RO            3    RESET               startup_stm32f10x_hd.o
    0x08000130   0x00000000   Code   RO          722  * .ARM.Collect$$$$00000000  mc_w.l(entry.o)
    0x08000130   0x00000004   Code   RO         1040    .ARM.Collect$$$$00000001  mc_w.l(entry2.o)
    0x08000134   0x00000004   Code   RO         1043    .ARM.Collect$$$$00000004  mc_w.l(entry5.o)
    0x08000138   0x00000000   Code   RO         1045    .ARM.Collect$$$$00000008  mc_w.l(entry7b.o)
    0x08000138   0x00000000   Code   RO         1047    .ARM.Collect$$$$0000000A  mc_w.l(entry8b.o)
    0x08000138   0x00000008   Code   RO         1048    .ARM.Collect$$$$0000000B  mc_w.l(entry9a.o)
    0x08000140   0x00000000   Code   RO         1050    .ARM.Collect$$$$0000000D  mc_w.l(entry10a.o)
    0x08000140   0x00000000   Code   RO         1052    .ARM.Collect$$$$0000000F  mc_w.l(entry11a.o)
    0x08000140   0x00000004   Code   RO         1041    .ARM.Collect$$$$00002712  mc_w.l(entry2.o)
    0x08000144   0x00000024   Code   RO            4    .text               startup_stm32f10x_hd.o
    0x08000168   0x000001e0   Code   RO           24    .text               system_stm32f10x.o
    0x08000348   0x000000dc   Code   RO          121    .text               misc.o
    0x08000424   0x0000044e   Code   RO          137    .text               stm32f10x_adc.o
    0x08000872   0x00000002   PAD
    0x08000874   0x000009f0   Code   RO          161    .text               stm32f10x_can.o
    0x08001264   0x00000254   Code   RO          221    .text               stm32f10x_dma.o
    0x080014b8   0x0000035c   Code   RO          269    .text               stm32f10x_gpio.o
    0x08001814   0x000003a4   Code   RO          317    .text               stm32f10x_rcc.o
    0x08001bb8   0x000001d4   Code   RO          343    .text               stm32f10x_sdio.o
    0x08001d8c   0x00000e1a   Code   RO          367    .text               stm32f10x_tim.o
    0x08002ba6   0x00000002   PAD
    0x08002ba8   0x00000408   Code   RO          379    .text               stm32f10x_usart.o
    0x08002fb0   0x000003b4   Code   RO          403    .text               main.o
    0x08003364   0x000000e4   Code   RO          467    .text               stm32f10x_it.o
    0x08003448   0x00000060   Code   RO          483    .text               bsp_led.o
    0x080034a8   0x000000bc   Code   RO          495    .text               bsp_usart.o
    0x08003564   0x00001674   Code   RO          507    .text               bsp_sdio_sdcard.o
    0x08004bd8   0x00000190   Code   RO          523    .text               bsp_can.o
    0x08004d68   0x0000013c   Code   RO          535    .text               bsp_adc.o
    0x08004ea4   0x00000078   Code   RO          553    .text               bsp_timbase.o
    0x08004f1c   0x00000138   Code   RO          568    .text               bsp_systick.o
    0x08005054   0x00000218   Code   RO          589    .text               handlingdata.o
    0x0800526c   0x00000068   Code   RO          609    .text               bsp_key.o
    0x080052d4   0x0000036c   Code   RO          621    .text               bsp_485.o
    0x08005640   0x00000204   Code   RO          645    .text               diskio.o
    0x08005844   0x00003018   Code   RO          667    .text               ff.o
    0x0800885c   0x000000d8   Code   RO          691    .text               cc936.o
    0x08008934   0x00000024   Code   RO          725    .text               mc_w.l(memcpya.o)
    0x08008958   0x00000064   Code   RO          990    .text               mf_w.l(fmul.o)
    0x080089bc   0x0000007c   Code   RO          992    .text               mf_w.l(fdiv.o)
    0x08008a38   0x0000014e   Code   RO          994    .text               mf_w.l(dadd.o)
    0x08008b86   0x000000e4   Code   RO          996    .text               mf_w.l(dmul.o)
    0x08008c6a   0x000000de   Code   RO          998    .text               mf_w.l(ddiv.o)
    0x08008d48   0x0000000a   Code   RO         1000    .text               mf_w.l(ffltui.o)
    0x08008d52   0x0000001a   Code   RO         1002    .text               mf_w.l(dfltui.o)
    0x08008d6c   0x00000032   Code   RO         1004    .text               mf_w.l(dfixui.o)
    0x08008d9e   0x00000026   Code   RO         1006    .text               mf_w.l(f2d.o)
    0x08008dc4   0x00000030   Code   RO         1008    .text               mf_w.l(cdcmple.o)
    0x08008df4   0x00000030   Code   RO         1010    .text               mf_w.l(cdrcmple.o)
    0x08008e24   0x0000002c   Code   RO         1055    .text               mc_w.l(uidiv.o)
    0x08008e50   0x0000001e   Code   RO         1059    .text               mc_w.l(llshl.o)
    0x08008e6e   0x00000020   Code   RO         1061    .text               mc_w.l(llushr.o)
    0x08008e8e   0x00000024   Code   RO         1063    .text               mc_w.l(llsshr.o)
    0x08008eb2   0x00000000   Code   RO         1072    .text               mc_w.l(iusefp.o)
    0x08008eb2   0x0000006e   Code   RO         1073    .text               mf_w.l(fepilogue.o)
    0x08008f20   0x000000ba   Code   RO         1075    .text               mf_w.l(depilogue.o)
    0x08008fda   0x00000002   PAD
    0x08008fdc   0x00000024   Code   RO         1083    .text               mc_w.l(init.o)
    0x08009000   0x0000002e   Code   RO         1085    .text               mf_w.l(dscalb.o)
    0x0800902e   0x00000022   Code   RO         1087    .text               mf_w.l(dflti.o)
    0x08009050   0x0000003e   Code   RO         1089    .text               mf_w.l(dfixi.o)
    0x0800908e   0x00000002   PAD
    0x08009090   0x00000020   Code   RO          774    i.__0printf$1       mc_w.l(printf1.o)
    0x080090b0   0x00000028   Code   RO         1079    i.__ARM_fpclassify  m_ws.l(fpclassify.o)
    0x080090d8   0x00000388   Code   RO         1029    i.__ieee754_rem_pio2  m_ws.l(rred.o)
    0x08009460   0x000000fc   Code   RO         1012    i.__kernel_cos      m_ws.l(cos_i.o)
    0x0800955c   0x000000aa   Code   RO         1081    i.__kernel_poly     m_ws.l(poly.o)
    0x08009606   0x00000002   PAD
    0x08009608   0x000000ec   Code   RO         1034    i.__kernel_sin      m_ws.l(sin_i.o)
    0x080096f4   0x00000006   Code   RO         1016    i.__mathlib_dbl_infnan  m_ws.l(dunder.o)
    0x080096fa   0x0000000c   Code   RO         1018    i.__mathlib_dbl_invalid  m_ws.l(dunder.o)
    0x08009706   0x00000002   PAD
    0x08009708   0x00000010   Code   RO         1021    i.__mathlib_dbl_underflow  m_ws.l(dunder.o)
    0x08009718   0x0000000e   Code   RO         1093    i.__scatterload_copy  mc_w.l(handlers.o)
    0x08009726   0x00000002   Code   RO         1094    i.__scatterload_null  mc_w.l(handlers.o)
    0x08009728   0x0000000e   Code   RO         1095    i.__scatterload_zeroinit  mc_w.l(handlers.o)
    0x08009736   0x00000002   PAD
    0x08009738   0x0000000c   Code   RO         1067    i.__set_errno       mc_w.l(errno.o)
    0x08009744   0x00000154   Code   RO          781    i._printf_core      mc_w.l(printf1.o)
    0x08009898   0x000000a0   Code   RO          715    i.sin               m_ws.l(sin.o)
    0x08009938   0x0000003a   Data   RO          668    .constdata          ff.o
    0x08009972   0x0002b0c0   Data   RO          692    .constdata          cc936.o
    0x08034a32   0x00000006   PAD
    0x08034a38   0x00000030   Data   RO         1013    .constdata          m_ws.l(cos_i.o)
    0x08034a68   0x000000c8   Data   RO         1031    .constdata          m_ws.l(rred.o)
    0x08034b30   0x00000028   Data   RO         1035    .constdata          m_ws.l(sin_i.o)
    0x08034b58   0x00000020   Data   RO         1091    Region$$Table       anon$$obj.o


    Execution Region RW_IRAM1 (Base: 0x20000000, Size: 0x00002f38, Max: 0x00010000, ABSOLUTE)

    Base Addr    Size         Type   Attr      Idx    E Section Name        Object

    0x20000000   0x00000014   Data   RW           25    .data               system_stm32f10x.o
    0x20000014   0x00000014   Data   RW          318    .data               stm32f10x_rcc.o
    0x20000028   0x0000008c   Data   RW          405    .data               main.o
    0x200000b4   0x00000014   Data   RW          509    .data               bsp_sdio_sdcard.o
    0x200000c8   0x00000006   Data   RW          536    .data               bsp_adc.o
    0x200000ce   0x00000002   PAD
    0x200000d0   0x00000004   Data   RW          569    .data               bsp_systick.o
    0x200000d4   0x0000001a   Data   RW          591    .data               handlingdata.o
    0x200000ee   0x00000002   Data   RW          623    .data               bsp_485.o
    0x200000f0   0x0000000a   Data   RW          669    .data               ff.o
    0x200000fa   0x00000002   PAD
    0x200000fc   0x00000004   Data   RW         1054    .data               mc_w.l(stdout.o)
    0x20000100   0x00000004   Data   RW         1068    .data               mc_w.l(errno.o)
    0x20000104   0x00000028   Zero   RW          404    .bss                main.o
    0x2000012c   0x000000c4   Zero   RW          508    .bss                bsp_sdio_sdcard.o
    0x200001f0   0x00002548   Zero   RW          590    .bss                handlingdata.o
    0x20002738   0x00000400   Zero   RW          622    .bss                bsp_485.o
    0x20002b38   0x00000400   Zero   RW            1    STACK               startup_stm32f10x_hd.o


==============================================================================

Image component sizes


      Code (inc. data)   RO Data    RW Data    ZI Data      Debug   Object Name

       876         50          0          2       1024       3652   bsp_485.o
       316         18          0          6          0       1493   bsp_adc.o
       400          8          0          0          0       1951   bsp_can.o
       104         10          0          0          0       1087   bsp_key.o
        96          6          0          0          0        534   bsp_led.o
      5748        204          0         20        196      17552   bsp_sdio_sdcard.o
       312         26          0          4          0      17255   bsp_systick.o
       120          6          0          0          0        805   bsp_timbase.o
       188         10          0          0          0       1023   bsp_usart.o
       216         16     176320          0          0       2301   cc936.o
         0          0          0          0          0       4536   core_cm3.o
       516         10          0          0          0       4571   diskio.o
     12312        122         58         10          0      35916   ff.o
       536         80          0         26       9544       2401   handlingdata.o
       948        192          0        140         40      15171   main.o
       220         22          0          0          0       1829   misc.o
        36          8        304          0       1024        872   startup_stm32f10x_hd.o
      1102         26          0          0          0      11065   stm32f10x_adc.o
      2544         38          0          0          0       8056   stm32f10x_can.o
       596          8          0          0          0       4390   stm32f10x_dma.o
       860         38          0          0          0       5757   stm32f10x_gpio.o
       228         38          0          0          0       2031   stm32f10x_it.o
       932         36          0         20          0       8940   stm32f10x_rcc.o
       468         22          0          0          0       7144   stm32f10x_sdio.o
      3610         88          0          0          0      22868   stm32f10x_tim.o
      1032         22          0          0          0       8484   stm32f10x_usart.o
       480         38          0         20          0     286819   system_stm32f10x.o

    ----------------------------------------------------------------------
     34800       1142     176720        252      11828     478503   Object Totals
         0          0         32          0          0          0   (incl. Generated)
         4          0          6          4          0          0   (incl. Padding)

    ----------------------------------------------------------------------

      Code (inc. data)   RO Data    RW Data    ZI Data      Debug   Library Member Name

       252         22         48          0          0        124   cos_i.o
        34          6          0          0          0        204   dunder.o
        40          0          0          0          0         68   fpclassify.o
       170          0          0          0          0         96   poly.o
       904         76        200          0          0        140   rred.o
       160         10          0          0          0        108   sin.o
       236         12         40          0          0        128   sin_i.o
         0          0          0          0          0          0   entry.o
         0          0          0          0          0          0   entry10a.o
         0          0          0          0          0          0   entry11a.o
         8          4          0          0          0          0   entry2.o
         4          0          0          0          0          0   entry5.o
         0          0          0          0          0          0   entry7b.o
         0          0          0          0          0          0   entry8b.o
         8          4          0          0          0          0   entry9a.o
        12          6          0          4          0         68   errno.o
        30          0          0          0          0          0   handlers.o
        36          8          0          0          0         68   init.o
         0          0          0          0          0          0   iusefp.o
        30          0          0          0          0         68   llshl.o
        36          0          0          0          0         68   llsshr.o
        32          0          0          0          0         68   llushr.o
        36          0          0          0          0         68   memcpya.o
       372         14          0          0          0        184   printf1.o
         0          0          0          4          0          0   stdout.o
        44          0          0          0          0         80   uidiv.o
        48          0          0          0          0         68   cdcmple.o
        48          0          0          0          0         68   cdrcmple.o
       334          0          0          0          0        148   dadd.o
       222          0          0          0          0        100   ddiv.o
       186          0          0          0          0        176   depilogue.o
        62          0          0          0          0         80   dfixi.o
        50          0          0          0          0         76   dfixui.o
        34          0          0          0          0         76   dflti.o
        26          0          0          0          0         76   dfltui.o
       228          0          0          0          0         96   dmul.o
        46          0          0          0          0         80   dscalb.o
        38          0          0          0          0         68   f2d.o
       124          0          0          0          0         88   fdiv.o
       110          0          0          0          0        168   fepilogue.o
        10          0          0          0          0         68   ffltui.o
       100          0          0          0          0         76   fmul.o

    ----------------------------------------------------------------------
      4120        162        288          8          0       3052   Library Totals
        10          0          0          0          0          0   (incl. Padding)

    ----------------------------------------------------------------------

      Code (inc. data)   RO Data    RW Data    ZI Data      Debug   Library Name

      1796        126        288          0          0        868   m_ws.l
       648         36          0          8          0        672   mc_w.l
      1666          0          0          0          0       1512   mf_w.l

    ----------------------------------------------------------------------
      4120        162        288          8          0       3052   Library Totals

    ----------------------------------------------------------------------

==============================================================================


      Code (inc. data)   RO Data    RW Data    ZI Data      Debug   

     38920       1304     177008        260      11828     477599   Grand Totals
     38920       1304     177008        260      11828     477599   ELF Image Totals
     38920       1304     177008        260          0          0   ROM Totals

==============================================================================

    Total RO  Size (Code + RO Data)               215928 ( 210.87kB)
    Total RW  Size (RW Data + ZI Data)             12088 (  11.80kB)
    Total ROM Size (Code + RO Data + RW Data)     216188 ( 211.12kB)

==============================================================================

